******************************************************************************
                  TI ARM Linker PC v18.12.2                    
******************************************************************************
>> Linked Thu Oct 17 20:11:11 2019

OUTPUT FILE NAME:   <SSL_REST_API_AWS_W19.out>
ENTRY POINT SYMBOL: "_c_int00_noargs"  address: 2000dfad


MEMORY CONFIGURATION

         name            origin    length      used     unused   attr    fill
----------------------  --------  ---------  --------  --------  ----  --------
  SRAM_CODE             20004000   00013000  0000b21e  00007de2  RW X
  SRAM_DATA             20017000   00019000  000092d2  0000fd2e  RW X


SEGMENT ALLOCATION MAP

run origin  load origin   length   init length attrs members
----------  ----------- ---------- ----------- ----- -------
20004000    20004000    0000b220   0000b220    r-x
  20004000    20004000    00000400   00000400    r-- .intvecs
  20004400    20004400    0000a276   0000a276    r-x .text
  2000e678    2000e678    00000b40   00000b40    r-- .const
  2000f1b8    2000f1b8    00000068   00000068    r-- .cinit
20017000    20017000    000082d4   00000000    rw-
  20017000    20017000    00008000   00000000    rw- .sysmem
  2001f000    2001f000    0000021a   00000000    rw- .bss
  2001f21c    2001f21c    000000b8   00000000    rw- .data
2002f000    2002f000    00001000   00000000    rw-
  2002f000    2002f000    00001000   00000000    rw- .stack


SECTION ALLOCATION MAP

 output                                  attributes/
section   page    origin      length       input sections
--------  ----  ----------  ----------   ----------------
.intvecs   0    20004000    00000400     
                  20004000    00000400     startup_ccs.obj (.intvecs)

.init_array 
*          0    20004000    00000000     UNINITIALIZED

.text      0    20004400    0000a276     
                  20004400    000016bc     main.obj (.text)
                  20005abc    00000a80     Adafruit_GFX.obj (.text)
                  2000653c    00000a4e     rtsv7M4_T_le_eabi.lib : _printfi.c.obj (.text:__TI_printfi)
                  20006f8a    00000002     driverlib.a : interrupt.obj (.text:IntDefaultHandler)
                  20006f8c    00000590     simplelink.a : driver.obj (.text:_SlDrvMsgRead)
                  2000751c    00000476     Adafruit_OLED.obj (.text)
                  20007992    00000002     rtsv7M4_T_le_eabi.lib : _lock.c.obj (.text:_nop)
                  20007994    00000398     gpio_if.obj (.text)
                  20007d2c    000002b4     i2c_if.obj (.text)
                  20007fe0    00000280     simplelink.a : wlan.obj (.text:sl_WlanConnect)
                  20008260    00000280     uart_if.obj (.text)
                  200084e0    00000268     rtsv7M4_T_le_eabi.lib : _printfi.c.obj (.text:_pconv_a)
                  20008748    00000248     simplelink.a : driver.obj (.text:_SlDrvRxHdrRead)
                  20008990    000001e4                  : driver.obj (.text:_SlDrvDataReadOp)
                  20008b74    000001d0                  : driver.obj (.text:_SlDrvReleasePoolObj)
                  20008d44    000001cc     rtsv7M4_T_le_eabi.lib : _printfi.c.obj (.text:_pconv_g)
                  20008f10    000001b6                           : fd_add_t2.asm.obj (.text)
                  200090c6    00000002                           : div0.asm.obj (.text)
                  200090c8    000001b4     simplelink.a : driver.obj (.text:_SlDrvDriverCBInit)
                  2000927c    0000019c                  : driver.obj (.text:_SlDrvMsgWrite)
                  20009418    00000190                  : driver.obj (.text:_SlDrvWaitForPoolObj)
                  200095a8    0000018c                  : socket.obj (.text:sl_Connect)
                  20009734    00000178     driverlib.a : prcm.obj (.text:PRCMCC3200MCUInit)
                  200098ac    00000170     simplelink.a : driver.obj (.text:_SlFindAndSetActiveObj)
                  20009a1c    00000150                  : driver.obj (.text:_SlDrvDataWriteOp)
                  20009b6c    00000148                  : cc_pal.obj (.text:spi_Open)
                  20009cb4    00000144                  : driver.obj (.text:_SlDrvMsgReadCmdCtx)
                  20009df8    00000144                  : netapp.obj (.text:sl_NetAppDnsGetHostByName)
                  20009f3c    0000013c     rtsv7M4_T_le_eabi.lib : _printfi.c.obj (.text:_pconv_e)
                  2000a078    00000136                           : fd_div_t2.asm.obj (.text)
                  2000a1ae    00000002     --HOLE-- [fill = 0]
                  2000a1b0    00000134     simplelink.a : socket.obj (.text:sl_Send)
                  2000a2e4    00000130                  : driver.obj (.text:_SlDrvDriverCBDeinit)
                  2000a414    00000120     rtsv7M4_T_le_eabi.lib : _printfi.c.obj (.text:fcvt)
                  2000a534    00000104     simplelink.a : netapp.obj (.text:_SlDrvNetAppEventHandler)
                  2000a638    000000fc     rtsv7M4_T_le_eabi.lib : fd_mul_t2.asm.obj (.text)
                  2000a734    000000f4                           : memory.c.obj (.text:aligned_alloc)
                  2000a828    000000f0     simplelink.a : device.obj (.text:sl_Stop)
                  2000a918    000000f0                  : cc_pal.obj (.text:spi_Read)
                  2000aa08    000000f0     driverlib.a : udma.obj (.text:uDMAChannelTransferSet)
                  2000aaf8    000000ec     simplelink.a : device.obj (.text:sl_Start)
                  2000abe4    000000e8                  : driver.obj (.text:_SlAsyncEventGenericHandler)
                  2000accc    000000e8                  : driver.obj (.text:_SlDrvMsgReadSpawnCtx)
                  2000adb4    000000e8     rtsv7M4_T_le_eabi.lib : memory.c.obj (.text:free)
                  2000ae9c    000000e4     simplelink.a : netapp.obj (.text:sl_NetAppMDNSRegisterUnregisterService)
                  2000af80    000000dc                  : driver.obj (.text:_SlDrvClassifyRxMsg)
                  2000b05c    000000d8     rtsv7M4_T_le_eabi.lib : memory.c.obj (.text:realloc)
                  2000b134    000000d0                           : s_scalbn.c.obj (.text:scalbn)
                  2000b204    000000cc     simplelink.a : netapp.obj (.text:_sl_HandleAsync_DnsGetHostByService)
                  2000b2d0    000000cc                  : device.obj (.text:sl_DevGet)
                  2000b39c    000000c4                  : driver.obj (.text:_SlRemoveFromList)
                  2000b460    000000c0                  : driver.obj (.text:_SlDrvCmdOp)
                  2000b520    000000b1     rtsv7M4_T_le_eabi.lib : _printfi.c.obj (.text:_ltostr)
                  2000b5d1    00000003     --HOLE-- [fill = 0]
                  2000b5d4    000000b0     simplelink.a : nonos.obj (.text:_SlNonOsSemGet)
                  2000b684    000000a8     driverlib.a : interrupt.obj (.text:IntDisable)
                  2000b72c    000000a8                 : interrupt.obj (.text:IntEnable)
                  2000b7d4    000000a8     pin_mux_config.obj (.text)
                  2000b87c    000000a4     simplelink.a : driver.obj (.text:_SlDriverHandleError)
                  2000b920    000000a0     driverlib.a : spi.obj (.text:SPIConfigSetExpClk)
                  2000b9c0    000000a0     simplelink.a : socket.obj (.text:sl_Recv)
                  2000ba60    0000009c     rtsv7M4_T_le_eabi.lib : memcpy_t2.asm.obj (.text)
                  2000bafc    0000009a     simplelink.a : device.obj (.text:_SlDrvDeviceEventHandler)
                  2000bb96    00000002     --HOLE-- [fill = 0]
                  2000bb98    00000098                  : device.obj (.text:sl_DevSet)
                  2000bc30    00000098                  : netcfg.obj (.text:sl_NetCfgSet)
                  2000bcc8    00000098                  : socket.obj (.text:sl_SetSockOpt)
                  2000bd60    00000098                  : wlan.obj (.text:sl_WlanSet)
                  2000bdf8    00000098                  : cc_pal.obj (.text:spi_Write)
                  2000be90    00000096     rtsv7M4_T_le_eabi.lib : ull_div_t2.asm.obj (.text)
                  2000bf26    00000002     --HOLE-- [fill = 0]
                  2000bf28    00000094     driverlib.a : prcm.obj (.text:PRCMPeripheralClockGet)
                  2000bfbc    00000090     simplelink.a : netapp.obj (.text:_sl_HandleAsync_DnsGetHostByName)
                  2000c04c    00000090                  : netapp.obj (.text:_sl_HandleAsync_PingResponse)
                  2000c0dc    00000090                  : wlan.obj (.text:sl_WlanPolicySet)
                  2000c16c    0000008c                  : cc_pal.obj (.text:SetupDMAReceive)
                  2000c1f8    0000008c                  : cc_pal.obj (.text:SetupDMASend)
                  2000c284    0000008c                  : driver.obj (.text:_SlDrvIsTimeoutExpired)
                  2000c310    0000008c                  : device.obj (.text:_sl_HandleAsync_InitComplete)
                  2000c39c    0000008c                  : socket.obj (.text:sl_Socket)
                  2000c428    00000088     driverlib.a : pin.obj (.text:PinConfigSet)
                  2000c4b0    00000086     rtsv7M4_T_le_eabi.lib : fd_cmp_t2.asm.obj (.text:__aeabi_cdcmple)
                  2000c536    00000086                           : fd_cmp_t2.asm.obj (.text:__aeabi_cdrcmple)
                  2000c5bc    00000084     driverlib.a : i2c.obj (.text:I2CMasterInitExpClk)
                  2000c640    00000084     simplelink.a : wlan.obj (.text:sl_WlanRxFilterSet)
                  2000c6c4    00000082     driverlib.a : gpio.obj (.text:GPIOIntTypeSet)
                  2000c746    00000002     --HOLE-- [fill = 0]
                  2000c748    00000080     simplelink.a : socket.obj (.text:_sl_HandleAsync_Connect)
                  2000c7c8    00000080                  : cc_pal.obj (.text:spi_Read_CPU)
                  2000c848    00000080                  : cc_pal.obj (.text:spi_Write_CPU)
                  2000c8c8    0000007c     rtsv7M4_T_le_eabi.lib : memory.c.obj (.text:split)
                  2000c944    0000007a                           : memset_t2.asm.obj (.text)
                  2000c9be    00000002     --HOLE-- [fill = 0]
                  2000c9c0    00000078     simplelink.a : cc_pal.obj (.text:spi_Close)
                  2000ca38    00000076     driverlib.a : uart.obj (.text:UARTConfigSetExpClk)
                  2000caae    00000002     --HOLE-- [fill = 0]
                  2000cab0    00000074     simplelink.a : nonos.obj (.text:_SlNonOsMainLoopTask)
                  2000cb24    0000006e     rtsv7M4_T_le_eabi.lib : _printfi.c.obj (.text:_mcpy)
                  2000cb92    00000002     --HOLE-- [fill = 0]
                  2000cb94    0000006c     simplelink.a : driver.obj (.text:_SlDrvCmdSend)
                  2000cc00    0000006c                  : netapp.obj (.text:_sl_NetAppSendTokenValue)
                  2000cc6c    00000068     rtsv7M4_T_le_eabi.lib : copy_decompress_lzss.c.obj (.text:decompress:lzss:__TI_decompress_lzss)
                  2000ccd4    00000064     simplelink.a : nonos.obj (.text:_SlNonOsSpawn)
                  2000cd38    00000064                  : socket.obj (.text:_sl_HandleAsync_Accept)
                  2000cd9c    00000064                  : netapp.obj (.text:sl_NetAppMDNSUnRegisterService)
                  2000ce00    00000064     driverlib.a : udma.obj (.text:uDMAChannelAttributeDisable)
                  2000ce64    00000064                 : udma.obj (.text:uDMAChannelAttributeEnable)
                  2000cec8    00000060     simplelink.a : socket.obj (.text:sl_Close)
                  2000cf28    00000060                  : wlan.obj (.text:sl_WlanProfileDel)
                  2000cf88    00000060                  : wlan.obj (.text:sl_WlanSetMode)
                  2000cfe8    0000005c     rtsv7M4_T_le_eabi.lib : s_frexp.c.obj (.text:frexp)
                  2000d044    00000058     driverlib.a : interrupt.obj (.text:IntPendClear)
                  2000d09c    00000058                 : prcm.obj (.text:PRCMPeripheralReset)
                  2000d0f4    00000056     rtsv7M4_T_le_eabi.lib : _printfi.c.obj (.text:_pconv_f)
                  2000d14a    00000002     --HOLE-- [fill = 0]
                  2000d14c    00000054     driverlib.a : interrupt.obj (.text:IntPrioritySet)
                  2000d1a0    00000054     simplelink.a : driver.obj (.text:_SlDrvRxIrqHandler)
                  2000d1f4    00000054                  : socket.obj (.text:_sl_HandleAsync_Select)
                  2000d248    00000054     rtsv7M4_T_le_eabi.lib : ltoa.c.obj (.text:ltoa)
                  2000d29c    00000052                           : _printfi.c.obj (.text:_ecpy)
                  2000d2ee    00000002     --HOLE-- [fill = 0]
                  2000d2f0    00000050     simplelink.a : device.obj (.text:_sl_HandleAsync_Stop)
                  2000d340    0000004c     driverlib.a : spi.obj (.text:SPIIntEnable)
                  2000d38c    0000004c                 : spi.obj (.text:SPIIntNumberGet)
                  2000d3d8    0000004c     simplelink.a : driver.obj (.text:_SlDrvProtectAsyncRespSetting)
                  2000d424    0000004c                  : socket.obj (.text:_sl_BuildAddress)
                  2000d470    0000004c     rtsv7M4_T_le_eabi.lib : atoi.c.obj (.text:atoi)
                  2000d4bc    0000004c     driverlib.a : udma.obj (.text:uDMAChannelAssign)
                  2000d508    00000048                 : gpio.obj (.text:GPIOGetIntNumber)
                  2000d550    00000048                 : spi.obj (.text:SPIIntClear)
                  2000d598    00000048     simplelink.a : driver.obj (.text:_SlDrvBasicCmd)
                  2000d5e0    00000048     rtsv7M4_T_le_eabi.lib : fd_toi_t2.asm.obj (.text)
                  2000d628    00000044     driverlib.a : spi.obj (.text:SPIDmaMaskGet)
                  2000d66c    00000044                 : timer.obj (.text:TimerConfigure)
                  2000d6b0    00000044     simplelink.a : driver.obj (.text:_SlDrvHandleHttpServerEvents)
                  2000d6f4    00000044                  : driver.obj (.text:_SlDrvSyncObjWaitTimeout)
                  2000d738    00000044     rtsv7M4_T_le_eabi.lib : autoinit.c.obj (.text:__TI_auto_init_nobinit_nopinit:__TI_auto_init_nobinit_nopinit)
                  2000d77c    00000044     simplelink.a : cc_pal.obj (.text:cc_SetupTransfer)
                  2000d7c0    00000042                  : socket.obj (.text:sl_Htonl)
                  2000d802    00000002     --HOLE-- [fill = 0]
                  2000d804    00000040     driverlib.a : pin.obj (.text:PinModeSet)
                  2000d844    00000040     simplelink.a : driver.obj (.text:_SlDrvHandleNetAppEvents)
                  2000d884    00000040                  : driver.obj (.text:_SlDrvHandleWlanEvents)
                  2000d8c4    00000040                  : socket.obj (.text:_sl_TruncatePayloadByProtocol)
                  2000d904    00000040     rtsv7M4_T_le_eabi.lib : sprintf.c.obj (.text:sprintf)
                  2000d944    00000040                           : vsnprintf.c.obj (.text:vsnprintf)
                  2000d984    0000003e     simplelink.a : cc_pal.obj (.text:NwpRegisterInterruptHandler)
                  2000d9c2    0000003e     rtsv7M4_T_le_eabi.lib : _printfi.c.obj (.text:_fcpy)
                  2000da00    0000003c     simplelink.a : netapp.obj (.text:CopyPingResultsToReport)
                  2000da3c    0000003c     driverlib.a : prcm.obj (.text:PRCMPeripheralClkEnable)
                  2000da78    0000003c     simplelink.a : cc_pal.obj (.text:simplelink_timerA2_start)
                  2000dab4    0000003c                  : socket.obj (.text:sl_Htons)
                  2000daf0    0000003c     driverlib.a : udma.obj (.text:uDMAChannelControlSet)
                  2000db2c    00000038     simplelink.a : cc_pal.obj (.text:NwpPowerOff)
                  2000db64    00000038                  : wlan.obj (.text:sl_WlanDisconnect)
                  2000db9c    00000036     driverlib.a : gpio.obj (.text:GPIODirModeSet)
                  2000dbd2    00000002     --HOLE-- [fill = 0]
                  2000dbd4    00000034                 : prcm.obj (.text:PRCMPeripheralStatusGet)
                  2000dc08    00000034                 : spi.obj (.text:SPIFIFOLevelSet)
                  2000dc3c    00000030                 : pin.obj (.text:PinTypeGPIO)
                  2000dc6c    00000030                 : uart.obj (.text:UARTDisable)
                  2000dc9c    00000030     rtsv7M4_T_le_eabi.lib : vsnprintf.c.obj (.text:_outs)
                  2000dccc    0000002e                           : i_tofd_t2.asm.obj (.text)
                  2000dcfa    0000002c     driverlib.a : i2c.obj (.text:I2CMasterErr)
                  2000dd26    00000002     --HOLE-- [fill = 0]
                  2000dd28    0000002c     simplelink.a : cc_pal.obj (.text:NwpPowerOn)
                  2000dd54    0000002c     driverlib.a : prcm.obj (.text:PRCMSysResetCauseGet)
                  2000dd80    0000002c     simplelink.a : driver.obj (.text:_SlDrvObjGlobalLockWaitForever)
                  2000ddac    0000002c                  : driver.obj (.text:_SlDrvProtectionObjLockWaitForever)
                  2000ddd8    0000002a     driverlib.a : timer.obj (.text:TimerLoadSet)
                  2000de02    0000002a                 : timer.obj (.text:TimerPrescaleSet)
                  2000de2c    00000028                 : prcm.obj (.text:PRCMPeripheralClkDisable)
                  2000de54    00000028     simplelink.a : driver.obj (.text:_SlDrvGlobalObjUnLock)
                  2000de7c    00000028                  : driver.obj (.text:_SlDrvProtectionObjUnLock)
                  2000dea4    00000028                  : driver.obj (.text:_SlDrvSyncObjWaitForever)
                  2000decc    00000028     rtsv7M4_T_le_eabi.lib : memory.c.obj (.text:free_list_insert)
                  2000def4    00000026     simplelink.a : driver.obj (.text:_SlDrvObjLockWaitForever)
                  2000df1a    00000026     network_common.obj (.text)
                  2000df40    00000024     simplelink.a : cc_pal.obj (.text:DmaSpiSwIntHandler)
                  2000df64    00000024     driverlib.a : interrupt.obj (.text:IntUnregister)
                  2000df88    00000024                 : uart.obj (.text:UARTEnable)
                  2000dfac    00000024     rtsv7M4_T_le_eabi.lib : boot_cortex_m.c.obj (.text:_c_int00_noargs:_c_int00_noargs)
                  2000dfd0    00000024                           : memmov.c.obj (.text:memmove)
                  2000dff4    00000022     driverlib.a : i2c.obj (.text:I2CMasterSlaveAddrSet)
                  2000e016    00000022                 : spi.obj (.text:SPIReset)
                  2000e038    00000022                 : spi.obj (.text:SPIWordCountSet)
                  2000e05a    00000020                 : gpio.obj (.text:GPIOPinWrite)
                  2000e07a    00000002     --HOLE-- [fill = 0]
                  2000e07c    00000020                 : interrupt.obj (.text:IntRegister)
                  2000e09c    00000020     simplelink.a : cc_pal.obj (.text:NwpPrePowerOffTimout0)
                  2000e0bc    00000020     driverlib.a : spi.obj (.text:SPIDataGet)
                  2000e0dc    00000020     simplelink.a : cc_pal.obj (.text:TimerGetCurrentTimestamp)
                  2000e0fc    00000020                  : driver.obj (.text:_SlDrvObjUnLock)
                  2000e11c    00000020                  : driver.obj (.text:_SlDrvSyncObjSignal)
                  2000e13c    0000001e     driverlib.a : gpio.obj (.text:GPIOIntRegister)
                  2000e15a    0000001e                 : i2c.obj (.text:I2CMasterIntStatusEx)
                  2000e178    0000001e                 : spi.obj (.text:SPIDataPut)
                  2000e196    0000001e                 : timer.obj (.text:TimerEnable)
                  2000e1b4    0000001e                 : uart.obj (.text:UARTCharPut)
                  2000e1d2    0000001e     simplelink.a : cc_pal.obj (.text:cc_UDMAChannelSelect)
                  2000e1f0    0000001c     driverlib.a : pin.obj (.text:PinTypeI2C)
                  2000e20c    0000001c                 : timer.obj (.text:TimerValueGet)
                  2000e228    0000001c                 : uart.obj (.text:UARTCharGetNonBlocking)
                  2000e244    0000001c     simplelink.a : driver.obj (.text:_SlDrvStartMeasureTimeout)
                  2000e260    0000001c     rtsv7M4_T_le_eabi.lib : copy_zero_init.c.obj (.text:decompress:ZI:__TI_zero_init_nomemset:__TI_zero_init_nomemset)
                  2000e27c    0000001c                           : memory.c.obj (.text:free_list_remove)
                  2000e298    0000001c                           : memccpy.c.obj (.text:memccpy)
                  2000e2b4    0000001c     driverlib.a : udma.obj (.text:uDMAChannelEnable)
                  2000e2d0    0000001a                 : gpio.obj (.text:GPIOIntEnable)
                  2000e2ea    0000001a                 : pin.obj (.text:PinTypeSPI)
                  2000e304    0000001a                 : pin.obj (.text:PinTypeUART)
                  2000e31e    0000001a                 : spi.obj (.text:SPIDmaDisable)
                  2000e338    0000001a                 : spi.obj (.text:SPIDmaEnable)
                  2000e352    0000001a                 : spi.obj (.text:SPIFIFODisable)
                  2000e36c    0000001a                 : spi.obj (.text:SPIFIFOEnable)
                  2000e386    0000001a                 : spi.obj (.text:SPIIntUnregister)
                  2000e3a0    00000018                 : gpio.obj (.text:GPIOPinRead)
                  2000e3b8    00000018                 : i2c.obj (.text:I2CMasterIntEnableEx)
                  2000e3d0    00000018                 : spi.obj (.text:SPICSDisable)
                  2000e3e8    00000018                 : spi.obj (.text:SPICSEnable)
                  2000e400    00000018                 : spi.obj (.text:SPIDisable)
                  2000e418    00000018                 : spi.obj (.text:SPIEnable)
                  2000e430    00000018                 : uart.obj (.text:UARTCharsAvail)
                  2000e448    00000018     simplelink.a : nonos.obj (.text:_SlNonOsSemSet)
                  2000e460    00000018     rtsv7M4_T_le_eabi.lib : vsnprintf.c.obj (.text:_outc)
                  2000e478    00000018                           : sprintf.c.obj (.text:_outs)
                  2000e490    00000018     simplelink.a : device.obj (.text:_sl_GetStartResponseConvert)
                  2000e4a8    00000016     driverlib.a : i2c.obj (.text:I2CMasterDataPut)
                  2000e4be    00000016                 : i2c.obj (.text:I2CMasterEnable)
                  2000e4d4    00000016                 : prcm.obj (.text:PRCMHIBRegRead)
                  2000e4ea    00000016                 : prcm.obj (.text:PRCMHIBRegWrite)
                  2000e500    00000016     simplelink.a : driver.obj (.text:_SlDrvMemZero)
                  2000e516    00000016     rtsv7M4_T_le_eabi.lib : strchr.c.obj (.text:strchr)
                  2000e52c    00000014     driverlib.a : cpu.obj (.text:CPUcpsie)
                  2000e540    00000014                 : gpio.obj (.text:GPIOIntClear)
                  2000e554    00000014                 : interrupt.obj (.text:IntVTableBaseSet)
                  2000e568    00000014     rtsv7M4_T_le_eabi.lib : strcpy.c.obj (.text:strcpy)
                  2000e57c    00000014                           : strlen.c.obj (.text:strlen)
                  2000e590    00000012     driverlib.a : i2c.obj (.text:I2CMasterControl)
                  2000e5a2    00000012                 : i2c.obj (.text:I2CMasterIntClearEx)
                  2000e5b4    00000012                 : i2c.obj (.text:I2CMasterTimeoutSet)
                  2000e5c6    00000012     rtsv7M4_T_le_eabi.lib : wcslen.c.obj (.text:wcslen)
                  2000e5d8    00000010     simplelink.a : driver.obj (.text:_SlDrvDispatchHttpServerEvents)
                  2000e5e8    0000000e     driverlib.a : i2c.obj (.text:I2CMasterDataGet)
                  2000e5f6    0000000e     simplelink.a : driver.obj (.text:_SlDrvResetCmdExt)
                  2000e604    0000000e     rtsv7M4_T_le_eabi.lib : copy_decompress_none.c.obj (.text:decompress:none:__TI_decompress_none)
                  2000e612    0000000e     startup_ccs.obj (.text)
                  2000e620    0000000c     simplelink.a : cc_pal.obj (.text:NwpMaskInterrupt)
                  2000e62c    0000000c                  : cc_pal.obj (.text:NwpUnMaskInterrupt)
                  2000e638    0000000c     rtsv7M4_T_le_eabi.lib : s_copysign.c.obj (.text:copysign)
                  2000e644    0000000a     driverlib.a : interrupt.obj (.text:IntMasterEnable)
                  2000e64e    0000000a     rtsv7M4_T_le_eabi.lib : sprintf.c.obj (.text:_outc)
                  2000e658    00000008                           : errno.c.obj (.text:__aeabi_errno_addr)
                  2000e660    00000008                           : memory.c.obj (.text:malloc)
                  2000e668    00000006     driverlib.a : utils.obj (.text:UtilsDelay)
                  2000e66e    00000004     rtsv7M4_T_le_eabi.lib : pre_init.c.obj (.text:_system_pre_init)
                  2000e672    00000004                           : exit.c.obj (.text:abort:abort)

.const     0    2000e678    00000b40     
                  2000e678    000004fb     Adafruit_GFX.obj (.const:.string:font)
                  2000eb73    00000101     rtsv7M4_T_le_eabi.lib : ctype.c.obj (.const:.string:_ctypes_)
                  2000ec74    00000100     driverlib.a : pin.obj (.const:g_ulPinToPadMap)
                  2000ed74    000000d4                 : interrupt.obj (.const:g_pulRegs)
                  2000ee48    000000a8                 : prcm.obj (.const:PRCM_PeriphRegsList)
                  2000eef0    0000003c     simplelink.a : driver.obj (.const:OpcodeTranslateTable)
                  2000ef2c    00000038                  : driver.obj (.const:_SlActionLookupTable)
                  2000ef64    00000032     main.obj (.const:.string:$P$T5$6)
                  2000ef96    00000002     --HOLE-- [fill = 0]
                  2000ef98    0000002e     main.obj (.const:.string)
                  2000efc6    00000002     --HOLE-- [fill = 0]
                  2000efc8    0000002c     main.obj (.const:$P$T1$2)
                  2000eff4    00000024     driverlib.a : spi.obj (.const:g_ppulSPIIntMap)
                  2000f018    00000022     main.obj (.const:.string:$P$T0$1)
                  2000f03a    00000002     --HOLE-- [fill = 0]
                  2000f03c    00000020     simplelink.a : driver.obj (.const:RxMsgClassLUT)
                  2000f05c    00000018     driverlib.a : interrupt.obj (.const:g_pulDisRegs)
                  2000f074    00000018                 : interrupt.obj (.const:g_pulEnRegs)
                  2000f08c    00000018                 : interrupt.obj (.const:g_pulUnpendRegs)
                  2000f0a4    00000018                 : spi.obj (.const:g_ulSPIDmaMaskMap)
                  2000f0bc    00000015     main.obj (.const:.string:$P$T7$8)
                  2000f0d1    00000003     --HOLE-- [fill = 0]
                  2000f0d4    00000014     simplelink.a : driver.obj (.const:$P$T0$1)
                  2000f0e8    00000014                  : nonos.obj (.const:$P$T0$1)
                  2000f0fc    00000014     main.obj (.const:$P$T2$3)
                  2000f110    00000010     simplelink.a : socket.obj (.const:.string:_SlPayloadByProtocolLUT)
                  2000f120    0000000c     main.obj (.const:$P$T4$5)
                  2000f12c    0000000c     main.obj (.const:.string:$P$T3$4)
                  2000f138    00000009     main.obj (.const:.string:$P$T6$7)
                  2000f141    00000008     simplelink.a : device.obj (.const:StartResponseLUT)
                  2000f149    00000003     --HOLE-- [fill = 0]
                  2000f14c    00000008                  : driver.obj (.const:g_H2NCnysPattern)
                  2000f154    00000008                  : driver.obj (.const:g_H2NSyncPattern)
                  2000f15c    00000005     main.obj (.const:.string:$P$T8$9)
                  2000f161    00000001     --HOLE-- [fill = 0]
                  2000f162    00000004     simplelink.a : wlan.obj (.const:$P$T0$1)
                  2000f166    00000004                  : socket.obj (.const:$P$T2$3)
                  2000f16a    00000004                  : device.obj (.const:_SlDeviceGetCmdCtrl)
                  2000f16e    00000004                  : device.obj (.const:_SlDeviceSetCmdCtrl)
                  2000f172    00000004                  : netapp.obj (.const:_SlGetHostByNameCtrl)
                  2000f176    00000004                  : netapp.obj (.const:_SlNetAppSendTokenValueCmdCtrl)
                  2000f17a    00000004                  : netcfg.obj (.const:_SlNetCfgSetCmdCtrl)
                  2000f17e    00000004                  : wlan.obj (.const:_SlPolicySetCmdCtrl)
                  2000f182    00000004                  : wlan.obj (.const:_SlProfileDelCmdCtrl)
                  2000f186    00000004                  : socket.obj (.const:_SlRecvCmdCtrl)
                  2000f18a    00000004                  : netapp.obj (.const:_SlRegisterServiceCtrl)
                  2000f18e    00000004                  : wlan.obj (.const:_SlRxFilterSetCmdCtrl)
                  2000f192    00000004                  : socket.obj (.const:_SlSendCmdCtrl)
                  2000f196    00000004                  : socket.obj (.const:_SlSetSockOptCmdCtrl)
                  2000f19a    00000004                  : socket.obj (.const:_SlSockCloseCmdCtrl)
                  2000f19e    00000004                  : socket.obj (.const:_SlSockSocketCmdCtrl)
                  2000f1a2    00000004                  : device.obj (.const:_SlStopCmdCtrl)
                  2000f1a6    00000004                  : wlan.obj (.const:_SlWlanCfgSetCmdCtrl)
                  2000f1aa    00000004                  : wlan.obj (.const:_SlWlanSetModeCmdCtrl)
                  2000f1ae    00000002     --HOLE-- [fill = 0]
                  2000f1b0    00000004                  : driver.obj (.const:httpServer_callbacks)
                  2000f1b4    00000004                  : driver.obj (.const:netApp_callbacks)

.cinit     0    2000f1b8    00000068     
                  2000f1b8    00000041     (.cinit..data.load) [load image, compression = lzss]
                  2000f1f9    00000003     --HOLE-- [fill = 0]
                  2000f1fc    0000000c     (__TI_handler_table)
                  2000f208    00000008     (.cinit..bss.load) [load image, compression = zero_init]
                  2000f210    00000010     (__TI_cinit_table)

.sysmem    0    20017000    00008000     UNINITIALIZED
                  20017000    00000010     rtsv7M4_T_le_eabi.lib : memory.c.obj (.sysmem)
                  20017010    00007ff0     --HOLE--

.bss       0    2001f000    0000021a     UNINITIALIZED
                  2001f000    00000168     simplelink.a : driver.obj (.bss:g_StatMem)
                  2001f168    00000050     (.common:g_ucDinDout)
                  2001f1b8    0000002c     (.common:g_time)
                  2001f1e4    00000024     (.common:g_ucConnectionSSID)
                  2001f208    00000008     (.common:g_ucConnectionBSSID)
                  2001f210    00000004     uart_if.obj (.bss)
                  2001f214    00000001     (.common:RxIrqCnt)
                  2001f215    00000001     (.common:g_bDeviceRestartIsRequired)
                  2001f216    00000001     (.common:g_cDummy)
                  2001f217    00000001     (.common:g_ucLED1Pin)
                  2001f218    00000001     (.common:g_ucLED2Pin)
                  2001f219    00000001     (.common:g_ucLED3Pin)

.data      0    2001f21c    000000b8     UNINITIALIZED
                  2001f21c    0000003c     simplelink.a : nonos.obj (.data:g__SlNonOsCB)
                  2001f258    00000015     Adafruit_GFX.obj (.data)
                  2001f26d    00000003     --HOLE--
                  2001f270    00000014     gpio_if.obj (.data:ulReg)
                  2001f284    00000010     main.obj (.data)
                  2001f294    0000000d     simplelink.a : driver.obj (.data)
                  2001f2a1    00000003     --HOLE--
                  2001f2a4    0000000c     gpio_if.obj (.data)
                  2001f2b0    00000009     simplelink.a : cc_pal.obj (.data)
                  2001f2b9    00000003     --HOLE--
                  2001f2bc    00000008     rtsv7M4_T_le_eabi.lib : _lock.c.obj (.data:$O1$$)
                  2001f2c4    00000008                           : memory.c.obj (.data:$O1$$)
                  2001f2cc    00000004                           : errno.c.obj (.data)
                  2001f2d0    00000004     simplelink.a : driver.obj (.data:wlan_callbacks)

.stack     0    2002f000    00001000     UNINITIALIZED
                  2002f000    00000004     rtsv7M4_T_le_eabi.lib : boot_cortex_m.c.obj (.stack)
                  2002f004    00000ffc     --HOLE--

MODULE SUMMARY

       Module                       code    ro data   rw data
       ------                       ----    -------   -------
    .\
       main.obj                     5820    253       104    
       Adafruit_GFX.obj             2688    1275      21     
       Adafruit_OLED.obj            1142    0         0      
       startup_ccs.obj              14      1024      0      
       gpio_if.obj                  920     0         35     
       i2c_if.obj                   692     0         0      
       uart_if.obj                  640     0         4      
       pin_mux_config.obj           168     0         0      
       network_common.obj           38      0         0      
    +--+----------------------------+-------+---------+---------+
       Total:                       12122   2552      164    
                                                             
    C:/ti/CC3200SDK_1.4.0/cc3200-sdk/driverlib/ccs/Release/driverlib.a
       prcm.obj                     852     168       0      
       spi.obj                      860     60        0      
       interrupt.obj                608     284       0      
       udma.obj                     604     0         0      
       pin.obj                      328     256       0      
       gpio.obj                     388     0         0      
       i2c.obj                      376     0         0      
       uart.obj                     284     0         0      
       timer.obj                    210     0         0      
       cpu.obj                      20      0         0      
       utils.obj                    6       0         0      
    +--+----------------------------+-------+---------+---------+
       Total:                       4536    768       0      
                                                             
    C:/ti/CC3200SDK_1.4.0/cc3200-sdk/simplelink/ccs/NON_OS/simplelink.a
       driver.obj                   7906    192       379    
       cc_pal.obj                   1820    0         90     
       socket.obj                   1830    40        0      
       netapp.obj                   1572    12        0      
       wlan.obj                     1316    24        0      
       device.obj                   1230    20        0      
       nonos.obj                    416     20        60     
       netcfg.obj                   152     4         0      
    +--+----------------------------+-------+---------+---------+
       Total:                       16242   312       529    
                                                             
    C:\ti\ccs910\ccs\tools\compiler\ti-cgt-arm_18.12.2.LTS\lib\rtsv7M4_T_le_eabi.lib
       _printfi.c.obj               4835    0         0      
       memory.c.obj                 892     0         8      
       fd_add_t2.asm.obj            438     0         0      
       fd_div_t2.asm.obj            310     0         0      
       fd_cmp_t2.asm.obj            268     0         0      
       ctype.c.obj                  0       257       0      
       fd_mul_t2.asm.obj            252     0         0      
       s_scalbn.c.obj               208     0         0      
       memcpy_t2.asm.obj            156     0         0      
       ull_div_t2.asm.obj           150     0         0      
       vsnprintf.c.obj              136     0         0      
       memset_t2.asm.obj            122     0         0      
       copy_decompress_lzss.c.obj   104     0         0      
       sprintf.c.obj                98      0         0      
       s_frexp.c.obj                92      0         0      
       ltoa.c.obj                   84      0         0      
       atoi.c.obj                   76      0         0      
       fd_toi_t2.asm.obj            72      0         0      
       autoinit.c.obj               68      0         0      
       i_tofd_t2.asm.obj            46      0         0      
       boot_cortex_m.c.obj          36      0         0      
       memmov.c.obj                 36      0         0      
       copy_zero_init.c.obj         28      0         0      
       memccpy.c.obj                28      0         0      
       strchr.c.obj                 22      0         0      
       strcpy.c.obj                 20      0         0      
       strlen.c.obj                 20      0         0      
       wcslen.c.obj                 18      0         0      
       copy_decompress_none.c.obj   14      0         0      
       errno.c.obj                  8       0         4      
       s_copysign.c.obj             12      0         0      
       _lock.c.obj                  2       0         8      
       exit.c.obj                   4       0         0      
       pre_init.c.obj               4       0         0      
       div0.asm.obj                 2       0         0      
    +--+----------------------------+-------+---------+---------+
       Total:                       8661    257       20     
                                                             
       Heap:                        0       0         32768  
       Stack:                       0       0         4096   
       Linker Generated:            0       101       0      
    +--+----------------------------+-------+---------+---------+
       Grand Total:                 41561   3990      37577  


LINKER GENERATED COPY TABLES

__TI_cinit_table @ 2000f210 records: 2, size/record: 8, table size: 16
	.data: load addr=2000f1b8, load size=00000041 bytes, run addr=2001f21c, run size=000000b8 bytes, compression=lzss
	.bss: load addr=2000f208, load size=00000008 bytes, run addr=2001f000, run size=0000021a bytes, compression=zero_init


LINKER GENERATED HANDLER TABLE

__TI_handler_table @ 2000f1fc records: 3, size/record: 4, table size: 12
	index: 0, handler: __TI_decompress_lzss
	index: 1, handler: __TI_decompress_none
	index: 2, handler: __TI_zero_init


GLOBAL SYMBOLS: SORTED ALPHABETICALLY BY Name 

address   name                                  
-------   ----                                  
2000757d  Adafruit_Init                         
2000e673  C$$EXIT                               
2000e52d  CPUcpsie                              
200082a1  ClearTerm                             
200076f3  Color565                              
2000df41  DmaSpiSwIntHandler                    
200082ab  Error                                 
2000db9d  GPIODirModeSet                        
2000e541  GPIOIntClear                          
2000e2d1  GPIOIntEnable                         
2000e13d  GPIOIntRegister                       
2000c6c5  GPIOIntTypeSet                        
2000e3a1  GPIOPinRead                           
2000e05b  GPIOPinWrite                          
20007c55  GPIO_IF_ConfigureNIntEnable           
20007ce1  GPIO_IF_Get                           
20007c0f  GPIO_IF_GetPortNPin                   
200079d1  GPIO_IF_LedConfigure                  
20007ac3  GPIO_IF_LedOff                        
20007a0f  GPIO_IF_LedOn                         
20007b77  GPIO_IF_LedStatus                     
20007be1  GPIO_IF_LedToggle                     
20007c9d  GPIO_IF_Set                           
200082e3  GetCmd                                
2000e591  I2CMasterControl                      
2000e5e9  I2CMasterDataGet                      
2000e4a9  I2CMasterDataPut                      
2000e4bf  I2CMasterEnable                       
2000dcfb  I2CMasterErr                          
2000c5bd  I2CMasterInitExpClk                   
2000e5a3  I2CMasterIntClearEx                   
2000e3b9  I2CMasterIntEnableEx                  
2000e15b  I2CMasterIntStatusEx                  
2000dff5  I2CMasterSlaveAddrSet                 
2000e5b5  I2CMasterTimeoutSet                   
20007fcb  I2C_IF_Close                          
20007f65  I2C_IF_Open                           
20007e63  I2C_IF_Read                           
20007f1f  I2C_IF_ReadFrom                       
20007db3  I2C_IF_Write                          
20008261  InitTerm                              
2000b685  IntDisable                            
2000b72d  IntEnable                             
2000e645  IntMasterEnable                       
2000d045  IntPendClear                          
2000d14d  IntPrioritySet                        
2000e07d  IntRegister                           
2000df65  IntUnregister                         
2000e555  IntVTableBaseSet                      
2000827f  Message                               
2000e621  NwpMaskInterrupt                      
2000db2d  NwpPowerOff                           
2000dd29  NwpPowerOn                            
2000e09d  NwpPrePowerOffTimout0                 
2000d985  NwpRegisterInterruptHandler           
2000e62d  NwpUnMaskInterrupt                    
2000eef0  OpcodeTranslateTable                  
20006467  Outstr                                
20009735  PRCMCC3200MCUInit                     
2000e4d5  PRCMHIBRegRead                        
2000e4eb  PRCMHIBRegWrite                       
2000de2d  PRCMPeripheralClkDisable              
2000da3d  PRCMPeripheralClkEnable               
2000bf29  PRCMPeripheralClockGet                
2000d09d  PRCMPeripheralReset                   
2000dbd5  PRCMPeripheralStatusGet               
2000dd55  PRCMSysResetCauseGet                  
2000c429  PinConfigSet                          
2000d805  PinModeSet                            
2000b7d5  PinMuxConfig                          
2000dc3d  PinTypeGPIO                           
2000e1f1  PinTypeI2C                            
2000e2eb  PinTypeSPI                            
2000e305  PinTypeUART                           
20008421  Report                                
2000e613  ResetISR                              
2001f214  RxIrqCnt                              
2000e3d1  SPICSDisable                          
2000e3e9  SPICSEnable                           
2000b921  SPIConfigSetExpClk                    
2000e0bd  SPIDataGet                            
2000e179  SPIDataPut                            
2000e401  SPIDisable                            
2000e31f  SPIDmaDisable                         
2000e339  SPIDmaEnable                          
2000e419  SPIEnable                             
2000e353  SPIFIFODisable                        
2000e36d  SPIFIFOEnable                         
2000dc09  SPIFIFOLevelSet                       
2000d551  SPIIntClear                           
2000d341  SPIIntEnable                          
2000e387  SPIIntUnregister                      
2000e017  SPIReset                              
2000e039  SPIWordCountSet                       
200046b9  SimpleLinkGeneralEventHandler         
20004695  SimpleLinkHttpServerCallback          
200045f5  SimpleLinkNetAppEventHandler          
200046d9  SimpleLinkSockEventHandler            
200044e7  SimpleLinkWlanEventHandler            
2000d66d  TimerConfigure                        
2000e197  TimerEnable                           
2000e0dd  TimerGetCurrentTimestamp              
2000ddd9  TimerLoadSet                          
2000de03  TimerPrescaleSet                      
2000e20d  TimerValueGet                         
20008389  TrimSpace                             
2000e229  UARTCharGetNonBlocking                
2000e1b5  UARTCharPut                           
2000e431  UARTCharsAvail                        
2000ca39  UARTConfigSetExpClk                   
2000dc6d  UARTDisable                           
2000df89  UARTEnable                            
2000e669  UtilsDelay                            
2000ef2c  _SlActionLookupTable                  
2000b87d  _SlDriverHandleError                  
2000d599  _SlDrvBasicCmd                        
2000b461  _SlDrvCmdOp                           
2000cb95  _SlDrvCmdSend                         
20008991  _SlDrvDataReadOp                      
20009a1d  _SlDrvDataWriteOp                     
2000bafd  _SlDrvDeviceEventHandler              
2000e5d9  _SlDrvDispatchHttpServerEvents        
2000a2e5  _SlDrvDriverCBDeinit                  
200090c9  _SlDrvDriverCBInit                    
2000de55  _SlDrvGlobalObjUnLock                 
2000d6b1  _SlDrvHandleHttpServerEvents          
2000d845  _SlDrvHandleNetAppEvents              
2000d885  _SlDrvHandleWlanEvents                
2000c285  _SlDrvIsTimeoutExpired                
2000e501  _SlDrvMemZero                         
2000accd  _SlDrvMsgReadSpawnCtx                 
2000a535  _SlDrvNetAppEventHandler              
2000def5  _SlDrvObjLockWaitForever              
2000e0fd  _SlDrvObjUnLock                       
2000d3d9  _SlDrvProtectAsyncRespSetting         
2000ddad  _SlDrvProtectionObjLockWaitForever    
2000de7d  _SlDrvProtectionObjUnLock             
20008b75  _SlDrvReleasePoolObj                  
2000e5f7  _SlDrvResetCmdExt                     
2000d1a1  _SlDrvRxIrqHandler                    
2000e245  _SlDrvStartMeasureTimeout             
2000e11d  _SlDrvSyncObjSignal                   
2000dea5  _SlDrvSyncObjWaitForever              
2000d6f5  _SlDrvSyncObjWaitTimeout              
20009419  _SlDrvWaitForPoolObj                  
2000f176  _SlNetAppSendTokenValueCmdCtrl        
2000cab1  _SlNonOsMainLoopTask                  
2000b5d5  _SlNonOsSemGet                        
2000e449  _SlNonOsSemSet                        
2000ccd5  _SlNonOsSpawn                         
20030000  __STACK_END                           
00001000  __STACK_SIZE                          
00008000  __SYSMEM_SIZE                         
2000f210  __TI_CINIT_Base                       
2000f220  __TI_CINIT_Limit                      
2000f1fc  __TI_Handler_Table_Base               
2000f208  __TI_Handler_Table_Limit              
2000d739  __TI_auto_init_nobinit_nopinit        
2000cc6d  __TI_decompress_lzss                  
2000e605  __TI_decompress_none                  
ffffffff  __TI_pprof_out_hndl                   
2000653d  __TI_printfi                          
ffffffff  __TI_prof_data_size                   
ffffffff  __TI_prof_data_start                  
2000f1b8  __TI_static_base__                    
2000e261  __TI_zero_init_nomemset               
2000c4b1  __aeabi_cdcmpeq                       
2000c4b1  __aeabi_cdcmple                       
2000c537  __aeabi_cdrcmple                      
2000d5e1  __aeabi_d2iz                          
20008f1b  __aeabi_dadd                          
2000a079  __aeabi_ddiv                          
2000a639  __aeabi_dmul                          
20008f11  __aeabi_dsub                          
2000e659  __aeabi_errno_addr                    
2000dccd  __aeabi_i2d                           
200090c7  __aeabi_idiv0                         
200090c7  __aeabi_ldiv0                         
2000c945  __aeabi_memclr                        
2000c945  __aeabi_memclr4                       
2000c945  __aeabi_memclr8                       
2000ba61  __aeabi_memcpy                        
2000ba61  __aeabi_memcpy4                       
2000ba61  __aeabi_memcpy8                       
2000c947  __aeabi_memset                        
2000c947  __aeabi_memset4                       
2000c947  __aeabi_memset8                       
2000be91  __aeabi_uldivmod                      
ffffffff  __binit__                             
ffffffff  __c_args__                            
UNDEFED   __mpu_init                            
2002f000  __stack                               
2000dfad  _c_int00_noargs                       
2000eb73  _ctypes_                              
2001f2bc  _lock                                 
20007993  _nop                                  
2000cd39  _sl_HandleAsync_Accept                
2000c749  _sl_HandleAsync_Connect               
2000bfbd  _sl_HandleAsync_DnsGetHostByName      
2000b205  _sl_HandleAsync_DnsGetHostByService   
2000c311  _sl_HandleAsync_InitComplete          
2000c04d  _sl_HandleAsync_PingResponse          
2000d1f5  _sl_HandleAsync_Select                
2000d2f1  _sl_HandleAsync_Stop                  
2000cc01  _sl_NetAppSendTokenValue              
20017000  _sys_memory                           
UNDEFED   _system_post_cinit                    
2000e66f  _system_pre_init                      
2001f2c0  _unlock                               
2000e673  abort                                 
2000a735  aligned_alloc                         
2000d471  atoi                                  
ffffffff  binit                                 
2000e639  copysign                              
2000e639  copysignl                             
2001f258  cursor_x                              
2001f25c  cursor_y                              
2000631b  drawChar                              
20005abd  drawCircle                            
20005bf1  drawCircleHelper                      
2000789d  drawFastHLine                         
20007801  drawFastVLine                         
20005e37  drawLine                              
20007939  drawPixel                             
20005f23  drawRect                              
20005f71  drawRoundRect                         
200060d9  drawTriangle                          
2001f2cc  errno                                 
20005d0f  fillCircle                            
20005d49  fillCircleHelper                      
2000774b  fillRect                              
2000605f  fillRoundRect                         
20007735  fillScreen                            
2000611b  fillTriangle                          
2000adb5  free                                  
2000cfe9  frexp                                 
2000cfe9  frexpl                                
2001f290  g_Host                                
2001f294  g_SlDeviceStatus                      
2001f2b0  g_SpiFd                               
2001f21c  g__SlNonOsCB                          
2001f215  g_bDeviceRestartIsRequired            
2001f216  g_cDummy                              
2001f298  g_pCB                                 
2001f2b4  g_pHostIntHdl                         
20004000  g_pfnVectors                          
2001f1b8  g_time                                
2001f208  g_ucConnectionBSSID                   
2001f1e4  g_ucConnectionSSID                    
2001f2b8  g_ucDMAEnabled                        
2001f168  g_ucDinDout                           
2001f217  g_ucLED1Pin                           
2001f218  g_ucLED2Pin                           
2001f219  g_ucLED3Pin                           
2001f2a4  g_uiLED1Port                          
2001f2a8  g_uiLED2Port                          
2001f2ac  g_uiLED3Port                          
2001f28c  g_ulGatewayIP                         
2001f288  g_ulPingPacketsRecv                   
2001f284  g_ulStatus                            
200076af  goTo                                  
2000651b  height                                
20007977  invert                                
2000b135  ldexp                                 
2000b135  ldexpl                                
2000d249  ltoa                                  
20005485  main                                  
2000e661  malloc                                
2000a735  memalign                              
2000e299  memccpy                               
2000ba61  memcpy                                
2000dfd1  memmove                               
2000c94d  memset                                
2001f29c  pPingCallBackFunc                     
20004e37  printErrConvenience                   
20004401  printHelloWorld                       
2000b05d  realloc                               
2000b135  scalbn                                
2000b135  scalbnl                               
200064b3  setCursor                             
200064eb  setTextColor                          
200064cb  setTextSize                           
20006503  setTextWrap                           
2000da79  simplelink_timerA2_start              
2000cec9  sl_Close                              
200095a9  sl_Connect                            
2000b2d1  sl_DevGet                             
2000bb99  sl_DevSet                             
2000d7c1  sl_Htonl                              
2000dab5  sl_Htons                              
20009df9  sl_NetAppDnsGetHostByName             
2000ae9d  sl_NetAppMDNSRegisterUnregisterService
2000cd9d  sl_NetAppMDNSUnRegisterService        
2000bc31  sl_NetCfgSet                          
2000df1b  sl_Provisioning_HttpServerEventHdl    
2000df29  sl_Provisioning_NetAppEventHdl        
2000df35  sl_Provisioning_WlanEventHdl          
2000b9c1  sl_Recv                               
2000a1b1  sl_Send                               
2000bcc9  sl_SetSockOpt                         
2000c39d  sl_Socket                             
2000aaf9  sl_Start                              
2000a829  sl_Stop                               
20007fe1  sl_WlanConnect                        
2000db65  sl_WlanDisconnect                     
2000c0dd  sl_WlanPolicySet                      
2000cf29  sl_WlanProfileDel                     
2000c641  sl_WlanRxFilterSet                    
2000bd61  sl_WlanSet                            
2000cf89  sl_WlanSetMode                        
2000c9c1  spi_Close                             
20009b6d  spi_Open                              
2000a919  spi_Read                              
2000bdf9  spi_Write                             
2000d905  sprintf                               
2000e517  strchr                                
2000e569  strcpy                                
2000e57d  strlen                                
2001f268  textbgcolor                           
2001f264  textcolor                             
2001f260  textsize                              
2000d4bd  uDMAChannelAssign                     
2000ce01  uDMAChannelAttributeDisable           
2000ce65  uDMAChannelAttributeEnable            
2000daf1  uDMAChannelControlSet                 
2000e2b5  uDMAChannelEnable                     
2000aa09  uDMAChannelTransferSet                
2000d945  vsnprintf                             
2000e5c7  wcslen                                
20006517  width                                 
2001f26c  wrap                                  
2000751d  writeCommand                          
2000754d  writeData                             


GLOBAL SYMBOLS: SORTED BY Symbol Address 

address   name                                  
-------   ----                                  
00001000  __STACK_SIZE                          
00008000  __SYSMEM_SIZE                         
20004000  g_pfnVectors                          
20004401  printHelloWorld                       
200044e7  SimpleLinkWlanEventHandler            
200045f5  SimpleLinkNetAppEventHandler          
20004695  SimpleLinkHttpServerCallback          
200046b9  SimpleLinkGeneralEventHandler         
200046d9  SimpleLinkSockEventHandler            
20004e37  printErrConvenience                   
20005485  main                                  
20005abd  drawCircle                            
20005bf1  drawCircleHelper                      
20005d0f  fillCircle                            
20005d49  fillCircleHelper                      
20005e37  drawLine                              
20005f23  drawRect                              
20005f71  drawRoundRect                         
2000605f  fillRoundRect                         
200060d9  drawTriangle                          
2000611b  fillTriangle                          
2000631b  drawChar                              
20006467  Outstr                                
200064b3  setCursor                             
200064cb  setTextSize                           
200064eb  setTextColor                          
20006503  setTextWrap                           
20006517  width                                 
2000651b  height                                
2000653d  __TI_printfi                          
2000751d  writeCommand                          
2000754d  writeData                             
2000757d  Adafruit_Init                         
200076af  goTo                                  
200076f3  Color565                              
20007735  fillScreen                            
2000774b  fillRect                              
20007801  drawFastVLine                         
2000789d  drawFastHLine                         
20007939  drawPixel                             
20007977  invert                                
20007993  _nop                                  
200079d1  GPIO_IF_LedConfigure                  
20007a0f  GPIO_IF_LedOn                         
20007ac3  GPIO_IF_LedOff                        
20007b77  GPIO_IF_LedStatus                     
20007be1  GPIO_IF_LedToggle                     
20007c0f  GPIO_IF_GetPortNPin                   
20007c55  GPIO_IF_ConfigureNIntEnable           
20007c9d  GPIO_IF_Set                           
20007ce1  GPIO_IF_Get                           
20007db3  I2C_IF_Write                          
20007e63  I2C_IF_Read                           
20007f1f  I2C_IF_ReadFrom                       
20007f65  I2C_IF_Open                           
20007fcb  I2C_IF_Close                          
20007fe1  sl_WlanConnect                        
20008261  InitTerm                              
2000827f  Message                               
200082a1  ClearTerm                             
200082ab  Error                                 
200082e3  GetCmd                                
20008389  TrimSpace                             
20008421  Report                                
20008991  _SlDrvDataReadOp                      
20008b75  _SlDrvReleasePoolObj                  
20008f11  __aeabi_dsub                          
20008f1b  __aeabi_dadd                          
200090c7  __aeabi_idiv0                         
200090c7  __aeabi_ldiv0                         
200090c9  _SlDrvDriverCBInit                    
20009419  _SlDrvWaitForPoolObj                  
200095a9  sl_Connect                            
20009735  PRCMCC3200MCUInit                     
20009a1d  _SlDrvDataWriteOp                     
20009b6d  spi_Open                              
20009df9  sl_NetAppDnsGetHostByName             
2000a079  __aeabi_ddiv                          
2000a1b1  sl_Send                               
2000a2e5  _SlDrvDriverCBDeinit                  
2000a535  _SlDrvNetAppEventHandler              
2000a639  __aeabi_dmul                          
2000a735  aligned_alloc                         
2000a735  memalign                              
2000a829  sl_Stop                               
2000a919  spi_Read                              
2000aa09  uDMAChannelTransferSet                
2000aaf9  sl_Start                              
2000accd  _SlDrvMsgReadSpawnCtx                 
2000adb5  free                                  
2000ae9d  sl_NetAppMDNSRegisterUnregisterService
2000b05d  realloc                               
2000b135  ldexp                                 
2000b135  ldexpl                                
2000b135  scalbn                                
2000b135  scalbnl                               
2000b205  _sl_HandleAsync_DnsGetHostByService   
2000b2d1  sl_DevGet                             
2000b461  _SlDrvCmdOp                           
2000b5d5  _SlNonOsSemGet                        
2000b685  IntDisable                            
2000b72d  IntEnable                             
2000b7d5  PinMuxConfig                          
2000b87d  _SlDriverHandleError                  
2000b921  SPIConfigSetExpClk                    
2000b9c1  sl_Recv                               
2000ba61  __aeabi_memcpy                        
2000ba61  __aeabi_memcpy4                       
2000ba61  __aeabi_memcpy8                       
2000ba61  memcpy                                
2000bafd  _SlDrvDeviceEventHandler              
2000bb99  sl_DevSet                             
2000bc31  sl_NetCfgSet                          
2000bcc9  sl_SetSockOpt                         
2000bd61  sl_WlanSet                            
2000bdf9  spi_Write                             
2000be91  __aeabi_uldivmod                      
2000bf29  PRCMPeripheralClockGet                
2000bfbd  _sl_HandleAsync_DnsGetHostByName      
2000c04d  _sl_HandleAsync_PingResponse          
2000c0dd  sl_WlanPolicySet                      
2000c285  _SlDrvIsTimeoutExpired                
2000c311  _sl_HandleAsync_InitComplete          
2000c39d  sl_Socket                             
2000c429  PinConfigSet                          
2000c4b1  __aeabi_cdcmpeq                       
2000c4b1  __aeabi_cdcmple                       
2000c537  __aeabi_cdrcmple                      
2000c5bd  I2CMasterInitExpClk                   
2000c641  sl_WlanRxFilterSet                    
2000c6c5  GPIOIntTypeSet                        
2000c749  _sl_HandleAsync_Connect               
2000c945  __aeabi_memclr                        
2000c945  __aeabi_memclr4                       
2000c945  __aeabi_memclr8                       
2000c947  __aeabi_memset                        
2000c947  __aeabi_memset4                       
2000c947  __aeabi_memset8                       
2000c94d  memset                                
2000c9c1  spi_Close                             
2000ca39  UARTConfigSetExpClk                   
2000cab1  _SlNonOsMainLoopTask                  
2000cb95  _SlDrvCmdSend                         
2000cc01  _sl_NetAppSendTokenValue              
2000cc6d  __TI_decompress_lzss                  
2000ccd5  _SlNonOsSpawn                         
2000cd39  _sl_HandleAsync_Accept                
2000cd9d  sl_NetAppMDNSUnRegisterService        
2000ce01  uDMAChannelAttributeDisable           
2000ce65  uDMAChannelAttributeEnable            
2000cec9  sl_Close                              
2000cf29  sl_WlanProfileDel                     
2000cf89  sl_WlanSetMode                        
2000cfe9  frexp                                 
2000cfe9  frexpl                                
2000d045  IntPendClear                          
2000d09d  PRCMPeripheralReset                   
2000d14d  IntPrioritySet                        
2000d1a1  _SlDrvRxIrqHandler                    
2000d1f5  _sl_HandleAsync_Select                
2000d249  ltoa                                  
2000d2f1  _sl_HandleAsync_Stop                  
2000d341  SPIIntEnable                          
2000d3d9  _SlDrvProtectAsyncRespSetting         
2000d471  atoi                                  
2000d4bd  uDMAChannelAssign                     
2000d551  SPIIntClear                           
2000d599  _SlDrvBasicCmd                        
2000d5e1  __aeabi_d2iz                          
2000d66d  TimerConfigure                        
2000d6b1  _SlDrvHandleHttpServerEvents          
2000d6f5  _SlDrvSyncObjWaitTimeout              
2000d739  __TI_auto_init_nobinit_nopinit        
2000d7c1  sl_Htonl                              
2000d805  PinModeSet                            
2000d845  _SlDrvHandleNetAppEvents              
2000d885  _SlDrvHandleWlanEvents                
2000d905  sprintf                               
2000d945  vsnprintf                             
2000d985  NwpRegisterInterruptHandler           
2000da3d  PRCMPeripheralClkEnable               
2000da79  simplelink_timerA2_start              
2000dab5  sl_Htons                              
2000daf1  uDMAChannelControlSet                 
2000db2d  NwpPowerOff                           
2000db65  sl_WlanDisconnect                     
2000db9d  GPIODirModeSet                        
2000dbd5  PRCMPeripheralStatusGet               
2000dc09  SPIFIFOLevelSet                       
2000dc3d  PinTypeGPIO                           
2000dc6d  UARTDisable                           
2000dccd  __aeabi_i2d                           
2000dcfb  I2CMasterErr                          
2000dd29  NwpPowerOn                            
2000dd55  PRCMSysResetCauseGet                  
2000ddad  _SlDrvProtectionObjLockWaitForever    
2000ddd9  TimerLoadSet                          
2000de03  TimerPrescaleSet                      
2000de2d  PRCMPeripheralClkDisable              
2000de55  _SlDrvGlobalObjUnLock                 
2000de7d  _SlDrvProtectionObjUnLock             
2000dea5  _SlDrvSyncObjWaitForever              
2000def5  _SlDrvObjLockWaitForever              
2000df1b  sl_Provisioning_HttpServerEventHdl    
2000df29  sl_Provisioning_NetAppEventHdl        
2000df35  sl_Provisioning_WlanEventHdl          
2000df41  DmaSpiSwIntHandler                    
2000df65  IntUnregister                         
2000df89  UARTEnable                            
2000dfad  _c_int00_noargs                       
2000dfd1  memmove                               
2000dff5  I2CMasterSlaveAddrSet                 
2000e017  SPIReset                              
2000e039  SPIWordCountSet                       
2000e05b  GPIOPinWrite                          
2000e07d  IntRegister                           
2000e09d  NwpPrePowerOffTimout0                 
2000e0bd  SPIDataGet                            
2000e0dd  TimerGetCurrentTimestamp              
2000e0fd  _SlDrvObjUnLock                       
2000e11d  _SlDrvSyncObjSignal                   
2000e13d  GPIOIntRegister                       
2000e15b  I2CMasterIntStatusEx                  
2000e179  SPIDataPut                            
2000e197  TimerEnable                           
2000e1b5  UARTCharPut                           
2000e1f1  PinTypeI2C                            
2000e20d  TimerValueGet                         
2000e229  UARTCharGetNonBlocking                
2000e245  _SlDrvStartMeasureTimeout             
2000e261  __TI_zero_init_nomemset               
2000e299  memccpy                               
2000e2b5  uDMAChannelEnable                     
2000e2d1  GPIOIntEnable                         
2000e2eb  PinTypeSPI                            
2000e305  PinTypeUART                           
2000e31f  SPIDmaDisable                         
2000e339  SPIDmaEnable                          
2000e353  SPIFIFODisable                        
2000e36d  SPIFIFOEnable                         
2000e387  SPIIntUnregister                      
2000e3a1  GPIOPinRead                           
2000e3b9  I2CMasterIntEnableEx                  
2000e3d1  SPICSDisable                          
2000e3e9  SPICSEnable                           
2000e401  SPIDisable                            
2000e419  SPIEnable                             
2000e431  UARTCharsAvail                        
2000e449  _SlNonOsSemSet                        
2000e4a9  I2CMasterDataPut                      
2000e4bf  I2CMasterEnable                       
2000e4d5  PRCMHIBRegRead                        
2000e4eb  PRCMHIBRegWrite                       
2000e501  _SlDrvMemZero                         
2000e517  strchr                                
2000e52d  CPUcpsie                              
2000e541  GPIOIntClear                          
2000e555  IntVTableBaseSet                      
2000e569  strcpy                                
2000e57d  strlen                                
2000e591  I2CMasterControl                      
2000e5a3  I2CMasterIntClearEx                   
2000e5b5  I2CMasterTimeoutSet                   
2000e5c7  wcslen                                
2000e5d9  _SlDrvDispatchHttpServerEvents        
2000e5e9  I2CMasterDataGet                      
2000e5f7  _SlDrvResetCmdExt                     
2000e605  __TI_decompress_none                  
2000e613  ResetISR                              
2000e621  NwpMaskInterrupt                      
2000e62d  NwpUnMaskInterrupt                    
2000e639  copysign                              
2000e639  copysignl                             
2000e645  IntMasterEnable                       
2000e659  __aeabi_errno_addr                    
2000e661  malloc                                
2000e669  UtilsDelay                            
2000e66f  _system_pre_init                      
2000e673  C$$EXIT                               
2000e673  abort                                 
2000eb73  _ctypes_                              
2000eef0  OpcodeTranslateTable                  
2000ef2c  _SlActionLookupTable                  
2000f176  _SlNetAppSendTokenValueCmdCtrl        
2000f1b8  __TI_static_base__                    
2000f1fc  __TI_Handler_Table_Base               
2000f208  __TI_Handler_Table_Limit              
2000f210  __TI_CINIT_Base                       
2000f220  __TI_CINIT_Limit                      
20017000  _sys_memory                           
2001f168  g_ucDinDout                           
2001f1b8  g_time                                
2001f1e4  g_ucConnectionSSID                    
2001f208  g_ucConnectionBSSID                   
2001f214  RxIrqCnt                              
2001f215  g_bDeviceRestartIsRequired            
2001f216  g_cDummy                              
2001f217  g_ucLED1Pin                           
2001f218  g_ucLED2Pin                           
2001f219  g_ucLED3Pin                           
2001f21c  g__SlNonOsCB                          
2001f258  cursor_x                              
2001f25c  cursor_y                              
2001f260  textsize                              
2001f264  textcolor                             
2001f268  textbgcolor                           
2001f26c  wrap                                  
2001f284  g_ulStatus                            
2001f288  g_ulPingPacketsRecv                   
2001f28c  g_ulGatewayIP                         
2001f290  g_Host                                
2001f294  g_SlDeviceStatus                      
2001f298  g_pCB                                 
2001f29c  pPingCallBackFunc                     
2001f2a4  g_uiLED1Port                          
2001f2a8  g_uiLED2Port                          
2001f2ac  g_uiLED3Port                          
2001f2b0  g_SpiFd                               
2001f2b4  g_pHostIntHdl                         
2001f2b8  g_ucDMAEnabled                        
2001f2bc  _lock                                 
2001f2c0  _unlock                               
2001f2cc  errno                                 
2002f000  __stack                               
20030000  __STACK_END                           
ffffffff  __TI_pprof_out_hndl                   
ffffffff  __TI_prof_data_size                   
ffffffff  __TI_prof_data_start                  
ffffffff  __binit__                             
ffffffff  __c_args__                            
ffffffff  binit                                 
UNDEFED   __mpu_init                            
UNDEFED   _system_post_cinit                    

[333 symbols]
