<?xml version="1.0" encoding="ISO-8859-1" ?>
<link_info>
   <banner>TI ARM Linker PC v18.12.2.LTS</banner>
   <copyright>Copyright (c) 1996-2018 Texas Instruments Incorporated</copyright>
   <link_time>0x5da92d4f</link_time>
   <link_errors>0x0</link_errors>
   <output_file>SSL_REST_API_AWS_W19.out</output_file>
   <entry_point>
      <name>_c_int00_noargs</name>
      <address>0x2000dfad</address>
   </entry_point>
   <input_file_list>
      <input_file id="fl-2">
         <path>.\</path>
         <kind>object</kind>
         <file>Adafruit_GFX.obj</file>
         <name>Adafruit_GFX.obj</name>
      </input_file>
      <input_file id="fl-3">
         <path>.\</path>
         <kind>object</kind>
         <file>Adafruit_OLED.obj</file>
         <name>Adafruit_OLED.obj</name>
      </input_file>
      <input_file id="fl-4">
         <path>.\</path>
         <kind>object</kind>
         <file>gpio_if.obj</file>
         <name>gpio_if.obj</name>
      </input_file>
      <input_file id="fl-5">
         <path>.\</path>
         <kind>object</kind>
         <file>i2c_if.obj</file>
         <name>i2c_if.obj</name>
      </input_file>
      <input_file id="fl-6">
         <path>.\</path>
         <kind>object</kind>
         <file>main.obj</file>
         <name>main.obj</name>
      </input_file>
      <input_file id="fl-7">
         <path>.\</path>
         <kind>object</kind>
         <file>network_common.obj</file>
         <name>network_common.obj</name>
      </input_file>
      <input_file id="fl-8">
         <path>.\</path>
         <kind>object</kind>
         <file>pin_mux_config.obj</file>
         <name>pin_mux_config.obj</name>
      </input_file>
      <input_file id="fl-9">
         <path>.\</path>
         <kind>object</kind>
         <file>startup_ccs.obj</file>
         <name>startup_ccs.obj</name>
      </input_file>
      <input_file id="fl-a">
         <path>.\</path>
         <kind>object</kind>
         <file>uart_if.obj</file>
         <name>uart_if.obj</name>
      </input_file>
      <input_file id="fl-10">
         <kind>object</kind>
         <file>&lt;internal&gt;</file>
         <name>&lt;internal&gt;</name>
      </input_file>
      <input_file id="fl-c6">
         <path>C:\ti\ccs910\ccs\tools\compiler\ti-cgt-arm_18.12.2.LTS\lib\</path>
         <kind>archive</kind>
         <file>rtsv7M4_T_le_eabi.lib</file>
         <name>sprintf.c.obj</name>
      </input_file>
      <input_file id="fl-c7">
         <path>C:\ti\ccs910\ccs\tools\compiler\ti-cgt-arm_18.12.2.LTS\lib\</path>
         <kind>archive</kind>
         <file>rtsv7M4_T_le_eabi.lib</file>
         <name>vsnprintf.c.obj</name>
      </input_file>
      <input_file id="fl-c8">
         <path>C:\ti\ccs910\ccs\tools\compiler\ti-cgt-arm_18.12.2.LTS\lib\</path>
         <kind>archive</kind>
         <file>rtsv7M4_T_le_eabi.lib</file>
         <name>memset_t2.asm.obj</name>
      </input_file>
      <input_file id="fl-c9">
         <path>C:\ti\ccs910\ccs\tools\compiler\ti-cgt-arm_18.12.2.LTS\lib\</path>
         <kind>archive</kind>
         <file>rtsv7M4_T_le_eabi.lib</file>
         <name>memcpy_t2.asm.obj</name>
      </input_file>
      <input_file id="fl-ca">
         <path>C:\ti\ccs910\ccs\tools\compiler\ti-cgt-arm_18.12.2.LTS\lib\</path>
         <kind>archive</kind>
         <file>rtsv7M4_T_le_eabi.lib</file>
         <name>copy_zero_init.c.obj</name>
      </input_file>
      <input_file id="fl-cb">
         <path>C:\ti\ccs910\ccs\tools\compiler\ti-cgt-arm_18.12.2.LTS\lib\</path>
         <kind>archive</kind>
         <file>rtsv7M4_T_le_eabi.lib</file>
         <name>copy_decompress_none.c.obj</name>
      </input_file>
      <input_file id="fl-cc">
         <path>C:\ti\ccs910\ccs\tools\compiler\ti-cgt-arm_18.12.2.LTS\lib\</path>
         <kind>archive</kind>
         <file>rtsv7M4_T_le_eabi.lib</file>
         <name>copy_decompress_lzss.c.obj</name>
      </input_file>
      <input_file id="fl-cd">
         <path>C:\ti\ccs910\ccs\tools\compiler\ti-cgt-arm_18.12.2.LTS\lib\</path>
         <kind>archive</kind>
         <file>rtsv7M4_T_le_eabi.lib</file>
         <name>memmov.c.obj</name>
      </input_file>
      <input_file id="fl-ce">
         <path>C:\ti\ccs910\ccs\tools\compiler\ti-cgt-arm_18.12.2.LTS\lib\</path>
         <kind>archive</kind>
         <file>rtsv7M4_T_le_eabi.lib</file>
         <name>memory.c.obj</name>
      </input_file>
      <input_file id="fl-cf">
         <path>C:\ti\ccs910\ccs\tools\compiler\ti-cgt-arm_18.12.2.LTS\lib\</path>
         <kind>archive</kind>
         <file>rtsv7M4_T_le_eabi.lib</file>
         <name>strcpy.c.obj</name>
      </input_file>
      <input_file id="fl-d0">
         <path>C:\ti\ccs910\ccs\tools\compiler\ti-cgt-arm_18.12.2.LTS\lib\</path>
         <kind>archive</kind>
         <file>rtsv7M4_T_le_eabi.lib</file>
         <name>strlen.c.obj</name>
      </input_file>
      <input_file id="fl-d1">
         <path>C:\ti\ccs910\ccs\tools\compiler\ti-cgt-arm_18.12.2.LTS\lib\</path>
         <kind>archive</kind>
         <file>rtsv7M4_T_le_eabi.lib</file>
         <name>boot_cortex_m.c.obj</name>
      </input_file>
      <input_file id="fl-d2">
         <path>C:\ti\ccs910\ccs\tools\compiler\ti-cgt-arm_18.12.2.LTS\lib\</path>
         <kind>archive</kind>
         <file>rtsv7M4_T_le_eabi.lib</file>
         <name>_printfi.c.obj</name>
      </input_file>
      <input_file id="fl-d3">
         <path>C:\ti\ccs910\ccs\tools\compiler\ti-cgt-arm_18.12.2.LTS\lib\</path>
         <kind>archive</kind>
         <file>rtsv7M4_T_le_eabi.lib</file>
         <name>s_frexp.c.obj</name>
      </input_file>
      <input_file id="fl-d4">
         <path>C:\ti\ccs910\ccs\tools\compiler\ti-cgt-arm_18.12.2.LTS\lib\</path>
         <kind>archive</kind>
         <file>rtsv7M4_T_le_eabi.lib</file>
         <name>s_scalbn.c.obj</name>
      </input_file>
      <input_file id="fl-d5">
         <path>C:\ti\ccs910\ccs\tools\compiler\ti-cgt-arm_18.12.2.LTS\lib\</path>
         <kind>archive</kind>
         <file>rtsv7M4_T_le_eabi.lib</file>
         <name>ull_div_t2.asm.obj</name>
      </input_file>
      <input_file id="fl-d6">
         <path>C:\ti\ccs910\ccs\tools\compiler\ti-cgt-arm_18.12.2.LTS\lib\</path>
         <kind>archive</kind>
         <file>rtsv7M4_T_le_eabi.lib</file>
         <name>fd_add_t2.asm.obj</name>
      </input_file>
      <input_file id="fl-d7">
         <path>C:\ti\ccs910\ccs\tools\compiler\ti-cgt-arm_18.12.2.LTS\lib\</path>
         <kind>archive</kind>
         <file>rtsv7M4_T_le_eabi.lib</file>
         <name>fd_cmp_t2.asm.obj</name>
      </input_file>
      <input_file id="fl-d8">
         <path>C:\ti\ccs910\ccs\tools\compiler\ti-cgt-arm_18.12.2.LTS\lib\</path>
         <kind>archive</kind>
         <file>rtsv7M4_T_le_eabi.lib</file>
         <name>fd_div_t2.asm.obj</name>
      </input_file>
      <input_file id="fl-d9">
         <path>C:\ti\ccs910\ccs\tools\compiler\ti-cgt-arm_18.12.2.LTS\lib\</path>
         <kind>archive</kind>
         <file>rtsv7M4_T_le_eabi.lib</file>
         <name>fd_mul_t2.asm.obj</name>
      </input_file>
      <input_file id="fl-da">
         <path>C:\ti\ccs910\ccs\tools\compiler\ti-cgt-arm_18.12.2.LTS\lib\</path>
         <kind>archive</kind>
         <file>rtsv7M4_T_le_eabi.lib</file>
         <name>fd_toi_t2.asm.obj</name>
      </input_file>
      <input_file id="fl-db">
         <path>C:\ti\ccs910\ccs\tools\compiler\ti-cgt-arm_18.12.2.LTS\lib\</path>
         <kind>archive</kind>
         <file>rtsv7M4_T_le_eabi.lib</file>
         <name>i_tofd_t2.asm.obj</name>
      </input_file>
      <input_file id="fl-dc">
         <path>C:\ti\ccs910\ccs\tools\compiler\ti-cgt-arm_18.12.2.LTS\lib\</path>
         <kind>archive</kind>
         <file>rtsv7M4_T_le_eabi.lib</file>
         <name>autoinit.c.obj</name>
      </input_file>
      <input_file id="fl-dd">
         <path>C:\ti\ccs910\ccs\tools\compiler\ti-cgt-arm_18.12.2.LTS\lib\</path>
         <kind>archive</kind>
         <file>rtsv7M4_T_le_eabi.lib</file>
         <name>pre_init.c.obj</name>
      </input_file>
      <input_file id="fl-de">
         <path>C:\ti\ccs910\ccs\tools\compiler\ti-cgt-arm_18.12.2.LTS\lib\</path>
         <kind>archive</kind>
         <file>rtsv7M4_T_le_eabi.lib</file>
         <name>cpy_tbl.c.obj</name>
      </input_file>
      <input_file id="fl-df">
         <path>C:\ti\ccs910\ccs\tools\compiler\ti-cgt-arm_18.12.2.LTS\lib\</path>
         <kind>archive</kind>
         <file>rtsv7M4_T_le_eabi.lib</file>
         <name>exit.c.obj</name>
      </input_file>
      <input_file id="fl-e0">
         <path>C:\ti\ccs910\ccs\tools\compiler\ti-cgt-arm_18.12.2.LTS\lib\</path>
         <kind>archive</kind>
         <file>rtsv7M4_T_le_eabi.lib</file>
         <name>_lock.c.obj</name>
      </input_file>
      <input_file id="fl-e1">
         <path>C:\ti\ccs910\ccs\tools\compiler\ti-cgt-arm_18.12.2.LTS\lib\</path>
         <kind>archive</kind>
         <file>rtsv7M4_T_le_eabi.lib</file>
         <name>args_main.c.obj</name>
      </input_file>
      <input_file id="fl-e2">
         <path>C:\ti\ccs910\ccs\tools\compiler\ti-cgt-arm_18.12.2.LTS\lib\</path>
         <kind>archive</kind>
         <file>rtsv7M4_T_le_eabi.lib</file>
         <name>atoi.c.obj</name>
      </input_file>
      <input_file id="fl-e3">
         <path>C:\ti\ccs910\ccs\tools\compiler\ti-cgt-arm_18.12.2.LTS\lib\</path>
         <kind>archive</kind>
         <file>rtsv7M4_T_le_eabi.lib</file>
         <name>ctype.c.obj</name>
      </input_file>
      <input_file id="fl-e4">
         <path>C:\ti\ccs910\ccs\tools\compiler\ti-cgt-arm_18.12.2.LTS\lib\</path>
         <kind>archive</kind>
         <file>rtsv7M4_T_le_eabi.lib</file>
         <name>ltoa.c.obj</name>
      </input_file>
      <input_file id="fl-e5">
         <path>C:\ti\ccs910\ccs\tools\compiler\ti-cgt-arm_18.12.2.LTS\lib\</path>
         <kind>archive</kind>
         <file>rtsv7M4_T_le_eabi.lib</file>
         <name>memccpy.c.obj</name>
      </input_file>
      <input_file id="fl-e6">
         <path>C:\ti\ccs910\ccs\tools\compiler\ti-cgt-arm_18.12.2.LTS\lib\</path>
         <kind>archive</kind>
         <file>rtsv7M4_T_le_eabi.lib</file>
         <name>strchr.c.obj</name>
      </input_file>
      <input_file id="fl-e7">
         <path>C:\ti\ccs910\ccs\tools\compiler\ti-cgt-arm_18.12.2.LTS\lib\</path>
         <kind>archive</kind>
         <file>rtsv7M4_T_le_eabi.lib</file>
         <name>errno.c.obj</name>
      </input_file>
      <input_file id="fl-e8">
         <path>C:\ti\ccs910\ccs\tools\compiler\ti-cgt-arm_18.12.2.LTS\lib\</path>
         <kind>archive</kind>
         <file>rtsv7M4_T_le_eabi.lib</file>
         <name>wcslen.c.obj</name>
      </input_file>
      <input_file id="fl-e9">
         <path>C:\ti\ccs910\ccs\tools\compiler\ti-cgt-arm_18.12.2.LTS\lib\</path>
         <kind>archive</kind>
         <file>rtsv7M4_T_le_eabi.lib</file>
         <name>s_copysign.c.obj</name>
      </input_file>
      <input_file id="fl-ea">
         <path>C:\ti\ccs910\ccs\tools\compiler\ti-cgt-arm_18.12.2.LTS\lib\</path>
         <kind>archive</kind>
         <file>rtsv7M4_T_le_eabi.lib</file>
         <name>div0.asm.obj</name>
      </input_file>
      <input_file id="fl-eb">
         <path>C:\ti\CC3200SDK_1.4.0\cc3200-sdk\driverlib\ccs\Release\</path>
         <kind>archive</kind>
         <file>driverlib.a</file>
         <name>gpio.obj</name>
      </input_file>
      <input_file id="fl-ec">
         <path>C:\ti\CC3200SDK_1.4.0\cc3200-sdk\driverlib\ccs\Release\</path>
         <kind>archive</kind>
         <file>driverlib.a</file>
         <name>i2c.obj</name>
      </input_file>
      <input_file id="fl-ed">
         <path>C:\ti\CC3200SDK_1.4.0\cc3200-sdk\driverlib\ccs\Release\</path>
         <kind>archive</kind>
         <file>driverlib.a</file>
         <name>interrupt.obj</name>
      </input_file>
      <input_file id="fl-ee">
         <path>C:\ti\CC3200SDK_1.4.0\cc3200-sdk\driverlib\ccs\Release\</path>
         <kind>archive</kind>
         <file>driverlib.a</file>
         <name>pin.obj</name>
      </input_file>
      <input_file id="fl-ef">
         <path>C:\ti\CC3200SDK_1.4.0\cc3200-sdk\driverlib\ccs\Release\</path>
         <kind>archive</kind>
         <file>driverlib.a</file>
         <name>prcm.obj</name>
      </input_file>
      <input_file id="fl-f0">
         <path>C:\ti\CC3200SDK_1.4.0\cc3200-sdk\driverlib\ccs\Release\</path>
         <kind>archive</kind>
         <file>driverlib.a</file>
         <name>spi.obj</name>
      </input_file>
      <input_file id="fl-f1">
         <path>C:\ti\CC3200SDK_1.4.0\cc3200-sdk\driverlib\ccs\Release\</path>
         <kind>archive</kind>
         <file>driverlib.a</file>
         <name>uart.obj</name>
      </input_file>
      <input_file id="fl-f2">
         <path>C:\ti\CC3200SDK_1.4.0\cc3200-sdk\driverlib\ccs\Release\</path>
         <kind>archive</kind>
         <file>driverlib.a</file>
         <name>utils.obj</name>
      </input_file>
      <input_file id="fl-f3">
         <path>C:\ti\CC3200SDK_1.4.0\cc3200-sdk\driverlib\ccs\Release\</path>
         <kind>archive</kind>
         <file>driverlib.a</file>
         <name>cpu.obj</name>
      </input_file>
      <input_file id="fl-f4">
         <path>C:\ti\CC3200SDK_1.4.0\cc3200-sdk\driverlib\ccs\Release\</path>
         <kind>archive</kind>
         <file>driverlib.a</file>
         <name>flash.obj</name>
      </input_file>
      <input_file id="fl-f5">
         <path>C:\ti\CC3200SDK_1.4.0\cc3200-sdk\simplelink\ccs\NON_OS\</path>
         <kind>archive</kind>
         <file>simplelink.a</file>
         <name>device.obj</name>
      </input_file>
      <input_file id="fl-f6">
         <path>C:\ti\CC3200SDK_1.4.0\cc3200-sdk\simplelink\ccs\NON_OS\</path>
         <kind>archive</kind>
         <file>simplelink.a</file>
         <name>driver.obj</name>
      </input_file>
      <input_file id="fl-f7">
         <path>C:\ti\CC3200SDK_1.4.0\cc3200-sdk\simplelink\ccs\NON_OS\</path>
         <kind>archive</kind>
         <file>simplelink.a</file>
         <name>netapp.obj</name>
      </input_file>
      <input_file id="fl-f8">
         <path>C:\ti\CC3200SDK_1.4.0\cc3200-sdk\simplelink\ccs\NON_OS\</path>
         <kind>archive</kind>
         <file>simplelink.a</file>
         <name>netcfg.obj</name>
      </input_file>
      <input_file id="fl-f9">
         <path>C:\ti\CC3200SDK_1.4.0\cc3200-sdk\simplelink\ccs\NON_OS\</path>
         <kind>archive</kind>
         <file>simplelink.a</file>
         <name>nonos.obj</name>
      </input_file>
      <input_file id="fl-fa">
         <path>C:\ti\CC3200SDK_1.4.0\cc3200-sdk\simplelink\ccs\NON_OS\</path>
         <kind>archive</kind>
         <file>simplelink.a</file>
         <name>socket.obj</name>
      </input_file>
      <input_file id="fl-fb">
         <path>C:\ti\CC3200SDK_1.4.0\cc3200-sdk\simplelink\ccs\NON_OS\</path>
         <kind>archive</kind>
         <file>simplelink.a</file>
         <name>wlan.obj</name>
      </input_file>
      <input_file id="fl-fc">
         <path>C:\ti\CC3200SDK_1.4.0\cc3200-sdk\simplelink\ccs\NON_OS\</path>
         <kind>archive</kind>
         <file>simplelink.a</file>
         <name>cc_pal.obj</name>
      </input_file>
      <input_file id="fl-fd">
         <path>C:\ti\CC3200SDK_1.4.0\cc3200-sdk\driverlib\ccs\Release\</path>
         <kind>archive</kind>
         <file>driverlib.a</file>
         <name>timer.obj</name>
      </input_file>
      <input_file id="fl-fe">
         <path>C:\ti\CC3200SDK_1.4.0\cc3200-sdk\driverlib\ccs\Release\</path>
         <kind>archive</kind>
         <file>driverlib.a</file>
         <name>udma.obj</name>
      </input_file>
   </input_file_list>
   <object_component_list>
      <object_component id="oc-f">
         <name>.intvecs</name>
         <load_address>0x20004000</load_address>
         <run_address>0x20004000</run_address>
         <size>0x400</size>
         <input_file_ref idref="fl-9"/>
      </object_component>
      <object_component id="oc-94">
         <name>.text</name>
         <load_address>0x20004400</load_address>
         <run_address>0x20004400</run_address>
         <size>0x16bc</size>
         <input_file_ref idref="fl-6"/>
      </object_component>
      <object_component id="oc-c8">
         <name>.text</name>
         <load_address>0x20005abc</load_address>
         <run_address>0x20005abc</run_address>
         <size>0xa80</size>
         <input_file_ref idref="fl-2"/>
      </object_component>
      <object_component id="oc-494">
         <name>.text:__TI_printfi</name>
         <load_address>0x2000653c</load_address>
         <run_address>0x2000653c</run_address>
         <size>0xa4e</size>
         <input_file_ref idref="fl-d2"/>
      </object_component>
      <object_component id="oc-772">
         <name>.text:IntDefaultHandler</name>
         <load_address>0x20006f8a</load_address>
         <run_address>0x20006f8a</run_address>
         <size>0x2</size>
         <input_file_ref idref="fl-ed"/>
      </object_component>
      <object_component id="oc-784">
         <name>.text:_SlDrvMsgRead</name>
         <load_address>0x20006f8c</load_address>
         <run_address>0x20006f8c</run_address>
         <size>0x590</size>
         <input_file_ref idref="fl-f6"/>
      </object_component>
      <object_component id="oc-c2">
         <name>.text</name>
         <load_address>0x2000751c</load_address>
         <run_address>0x2000751c</run_address>
         <size>0x476</size>
         <input_file_ref idref="fl-3"/>
      </object_component>
      <object_component id="oc-701">
         <name>.text:_nop</name>
         <load_address>0x20007992</load_address>
         <run_address>0x20007992</run_address>
         <size>0x2</size>
         <input_file_ref idref="fl-e0"/>
      </object_component>
      <object_component id="oc-14e">
         <name>.text</name>
         <load_address>0x20007994</load_address>
         <run_address>0x20007994</run_address>
         <size>0x398</size>
         <input_file_ref idref="fl-4"/>
      </object_component>
      <object_component id="oc-195">
         <name>.text</name>
         <load_address>0x20007d2c</load_address>
         <run_address>0x20007d2c</run_address>
         <size>0x2b4</size>
         <input_file_ref idref="fl-5"/>
      </object_component>
      <object_component id="oc-148">
         <name>.text:sl_WlanConnect</name>
         <load_address>0x20007fe0</load_address>
         <run_address>0x20007fe0</run_address>
         <size>0x280</size>
         <input_file_ref idref="fl-fb"/>
      </object_component>
      <object_component id="oc-ce">
         <name>.text</name>
         <load_address>0x20008260</load_address>
         <run_address>0x20008260</run_address>
         <size>0x280</size>
         <input_file_ref idref="fl-a"/>
      </object_component>
      <object_component id="oc-6bf">
         <name>.text:_pconv_a</name>
         <load_address>0x200084e0</load_address>
         <run_address>0x200084e0</run_address>
         <size>0x268</size>
         <input_file_ref idref="fl-d2"/>
      </object_component>
      <object_component id="oc-85d">
         <name>.text:_SlDrvRxHdrRead</name>
         <load_address>0x20008748</load_address>
         <run_address>0x20008748</run_address>
         <size>0x248</size>
         <input_file_ref idref="fl-f6"/>
      </object_component>
      <object_component id="oc-4bc">
         <name>.text:_SlDrvDataReadOp</name>
         <load_address>0x20008990</load_address>
         <run_address>0x20008990</run_address>
         <size>0x1e4</size>
         <input_file_ref idref="fl-f6"/>
      </object_component>
      <object_component id="oc-2eb">
         <name>.text:_SlDrvReleasePoolObj</name>
         <load_address>0x20008b74</load_address>
         <run_address>0x20008b74</run_address>
         <size>0x1d0</size>
         <input_file_ref idref="fl-f6"/>
      </object_component>
      <object_component id="oc-6ad">
         <name>.text:_pconv_g</name>
         <load_address>0x20008d44</load_address>
         <run_address>0x20008d44</run_address>
         <size>0x1cc</size>
         <input_file_ref idref="fl-d2"/>
      </object_component>
      <object_component id="oc-7e5">
         <name>.text</name>
         <load_address>0x20008f10</load_address>
         <run_address>0x20008f10</run_address>
         <size>0x1b6</size>
         <input_file_ref idref="fl-d6"/>
      </object_component>
      <object_component id="oc-89c">
         <name>.text</name>
         <load_address>0x200090c6</load_address>
         <run_address>0x200090c6</run_address>
         <size>0x2</size>
         <input_file_ref idref="fl-ea"/>
      </object_component>
      <object_component id="oc-2c1">
         <name>.text:_SlDrvDriverCBInit</name>
         <load_address>0x200090c8</load_address>
         <run_address>0x200090c8</run_address>
         <size>0x1b4</size>
         <input_file_ref idref="fl-f6"/>
      </object_component>
      <object_component id="oc-5f7">
         <name>.text:_SlDrvMsgWrite</name>
         <load_address>0x2000927c</load_address>
         <run_address>0x2000927c</run_address>
         <size>0x19c</size>
         <input_file_ref idref="fl-f6"/>
      </object_component>
      <object_component id="oc-3e4">
         <name>.text:_SlDrvWaitForPoolObj</name>
         <load_address>0x20009418</load_address>
         <run_address>0x20009418</run_address>
         <size>0x190</size>
         <input_file_ref idref="fl-f6"/>
      </object_component>
      <object_component id="oc-182">
         <name>.text:sl_Connect</name>
         <load_address>0x200095a8</load_address>
         <run_address>0x200095a8</run_address>
         <size>0x18c</size>
         <input_file_ref idref="fl-fa"/>
      </object_component>
      <object_component id="oc-13c">
         <name>.text:PRCMCC3200MCUInit</name>
         <load_address>0x20009734</load_address>
         <run_address>0x20009734</run_address>
         <size>0x178</size>
         <input_file_ref idref="fl-ef"/>
      </object_component>
      <object_component id="oc-86f">
         <name>.text:_SlFindAndSetActiveObj</name>
         <load_address>0x200098ac</load_address>
         <run_address>0x200098ac</run_address>
         <size>0x170</size>
         <input_file_ref idref="fl-f6"/>
      </object_component>
      <object_component id="oc-4ae">
         <name>.text:_SlDrvDataWriteOp</name>
         <load_address>0x20009a1c</load_address>
         <run_address>0x20009a1c</run_address>
         <size>0x150</size>
         <input_file_ref idref="fl-f6"/>
      </object_component>
      <object_component id="oc-2c7">
         <name>.text:spi_Open</name>
         <load_address>0x20009b6c</load_address>
         <run_address>0x20009b6c</run_address>
         <size>0x148</size>
         <input_file_ref idref="fl-fc"/>
      </object_component>
      <object_component id="oc-5fd">
         <name>.text:_SlDrvMsgReadCmdCtx</name>
         <load_address>0x20009cb4</load_address>
         <run_address>0x20009cb4</run_address>
         <size>0x144</size>
         <input_file_ref idref="fl-f6"/>
      </object_component>
      <object_component id="oc-164">
         <name>.text:sl_NetAppDnsGetHostByName</name>
         <load_address>0x20009df8</load_address>
         <run_address>0x20009df8</run_address>
         <size>0x144</size>
         <input_file_ref idref="fl-f7"/>
      </object_component>
      <object_component id="oc-6b9">
         <name>.text:_pconv_e</name>
         <load_address>0x20009f3c</load_address>
         <run_address>0x20009f3c</run_address>
         <size>0x13c</size>
         <input_file_ref idref="fl-d2"/>
      </object_component>
      <object_component id="oc-7cb">
         <name>.text</name>
         <load_address>0x2000a078</load_address>
         <run_address>0x2000a078</run_address>
         <size>0x136</size>
         <input_file_ref idref="fl-d8"/>
      </object_component>
      <object_component id="oc-1cc">
         <name>.text:sl_Send</name>
         <load_address>0x2000a1b0</load_address>
         <run_address>0x2000a1b0</run_address>
         <size>0x134</size>
         <input_file_ref idref="fl-fa"/>
      </object_component>
      <object_component id="oc-330">
         <name>.text:_SlDrvDriverCBDeinit</name>
         <load_address>0x2000a2e4</load_address>
         <run_address>0x2000a2e4</run_address>
         <size>0x130</size>
         <input_file_ref idref="fl-f6"/>
      </object_component>
      <object_component id="oc-7f7">
         <name>.text:fcvt</name>
         <load_address>0x2000a414</load_address>
         <run_address>0x2000a414</run_address>
         <size>0x120</size>
         <input_file_ref idref="fl-d2"/>
      </object_component>
      <object_component id="oc-8ea">
         <name>.text:_SlDrvNetAppEventHandler</name>
         <load_address>0x2000a534</load_address>
         <run_address>0x2000a534</run_address>
         <size>0x104</size>
         <input_file_ref idref="fl-f7"/>
      </object_component>
      <object_component id="oc-7c6">
         <name>.text</name>
         <load_address>0x2000a638</load_address>
         <run_address>0x2000a638</run_address>
         <size>0xfc</size>
         <input_file_ref idref="fl-d9"/>
      </object_component>
      <object_component id="oc-51e">
         <name>.text:aligned_alloc</name>
         <load_address>0x2000a734</load_address>
         <run_address>0x2000a734</run_address>
         <size>0xf4</size>
         <input_file_ref idref="fl-ce"/>
      </object_component>
      <object_component id="oc-ed">
         <name>.text:sl_Stop</name>
         <load_address>0x2000a828</load_address>
         <run_address>0x2000a828</run_address>
         <size>0xf0</size>
         <input_file_ref idref="fl-f5"/>
      </object_component>
      <object_component id="oc-869">
         <name>.text:spi_Read</name>
         <load_address>0x2000a918</load_address>
         <run_address>0x2000a918</run_address>
         <size>0xf0</size>
         <input_file_ref idref="fl-fc"/>
      </object_component>
      <object_component id="oc-9a9">
         <name>.text:uDMAChannelTransferSet</name>
         <load_address>0x2000aa08</load_address>
         <run_address>0x2000aa08</run_address>
         <size>0xf0</size>
         <input_file_ref idref="fl-fe"/>
      </object_component>
      <object_component id="oc-db">
         <name>.text:sl_Start</name>
         <load_address>0x2000aaf8</load_address>
         <run_address>0x2000aaf8</run_address>
         <size>0xec</size>
         <input_file_ref idref="fl-f5"/>
      </object_component>
      <object_component id="oc-78a">
         <name>.text:_SlAsyncEventGenericHandler</name>
         <load_address>0x2000abe4</load_address>
         <run_address>0x2000abe4</run_address>
         <size>0xe8</size>
         <input_file_ref idref="fl-f6"/>
      </object_component>
      <object_component id="oc-5de">
         <name>.text:_SlDrvMsgReadSpawnCtx</name>
         <load_address>0x2000accc</load_address>
         <run_address>0x2000accc</run_address>
         <size>0xe8</size>
         <input_file_ref idref="fl-f6"/>
      </object_component>
      <object_component id="oc-289">
         <name>.text:free</name>
         <load_address>0x2000adb4</load_address>
         <run_address>0x2000adb4</run_address>
         <size>0xe8</size>
         <input_file_ref idref="fl-ce"/>
      </object_component>
      <object_component id="oc-36b">
         <name>.text:sl_NetAppMDNSRegisterUnregisterService</name>
         <load_address>0x2000ae9c</load_address>
         <run_address>0x2000ae9c</run_address>
         <size>0xe4</size>
         <input_file_ref idref="fl-f7"/>
      </object_component>
      <object_component id="oc-863">
         <name>.text:_SlDrvClassifyRxMsg</name>
         <load_address>0x2000af80</load_address>
         <run_address>0x2000af80</run_address>
         <size>0xdc</size>
         <input_file_ref idref="fl-f6"/>
      </object_component>
      <object_component id="oc-283">
         <name>.text:realloc</name>
         <load_address>0x2000b05c</load_address>
         <run_address>0x2000b05c</run_address>
         <size>0xd8</size>
         <input_file_ref idref="fl-ce"/>
      </object_component>
      <object_component id="oc-80b">
         <name>.text:scalbn</name>
         <load_address>0x2000b134</load_address>
         <run_address>0x2000b134</run_address>
         <size>0xd0</size>
         <input_file_ref idref="fl-d4"/>
      </object_component>
      <object_component id="oc-967">
         <name>.text:_sl_HandleAsync_DnsGetHostByService</name>
         <load_address>0x2000b204</load_address>
         <run_address>0x2000b204</run_address>
         <size>0xcc</size>
         <input_file_ref idref="fl-f7"/>
      </object_component>
      <object_component id="oc-f3">
         <name>.text:sl_DevGet</name>
         <load_address>0x2000b2d0</load_address>
         <run_address>0x2000b2d0</run_address>
         <size>0xcc</size>
         <input_file_ref idref="fl-f5"/>
      </object_component>
      <object_component id="oc-5b9">
         <name>.text:_SlRemoveFromList</name>
         <load_address>0x2000b39c</load_address>
         <run_address>0x2000b39c</run_address>
         <size>0xc4</size>
         <input_file_ref idref="fl-f6"/>
      </object_component>
      <object_component id="oc-314">
         <name>.text:_SlDrvCmdOp</name>
         <load_address>0x2000b460</load_address>
         <run_address>0x2000b460</run_address>
         <size>0xc0</size>
         <input_file_ref idref="fl-f6"/>
      </object_component>
      <object_component id="oc-6a2">
         <name>.text:_ltostr</name>
         <load_address>0x2000b520</load_address>
         <run_address>0x2000b520</run_address>
         <size>0xb1</size>
         <input_file_ref idref="fl-d2"/>
      </object_component>
      <object_component id="oc-548">
         <name>.text:_SlNonOsSemGet</name>
         <load_address>0x2000b5d4</load_address>
         <run_address>0x2000b5d4</run_address>
         <size>0xb0</size>
         <input_file_ref idref="fl-f9"/>
      </object_component>
      <object_component id="oc-598">
         <name>.text:IntDisable</name>
         <load_address>0x2000b684</load_address>
         <run_address>0x2000b684</run_address>
         <size>0xa8</size>
         <input_file_ref idref="fl-ed"/>
      </object_component>
      <object_component id="oc-136">
         <name>.text:IntEnable</name>
         <load_address>0x2000b72c</load_address>
         <run_address>0x2000b72c</run_address>
         <size>0xa8</size>
         <input_file_ref idref="fl-ed"/>
      </object_component>
      <object_component id="oc-189">
         <name>.text</name>
         <load_address>0x2000b7d4</load_address>
         <run_address>0x2000b7d4</run_address>
         <size>0xa8</size>
         <input_file_ref idref="fl-8"/>
      </object_component>
      <object_component id="oc-5b2">
         <name>.text:_SlDriverHandleError</name>
         <load_address>0x2000b87c</load_address>
         <run_address>0x2000b87c</run_address>
         <size>0xa4</size>
         <input_file_ref idref="fl-f6"/>
      </object_component>
      <object_component id="oc-1b3">
         <name>.text:SPIConfigSetExpClk</name>
         <load_address>0x2000b920</load_address>
         <run_address>0x2000b920</run_address>
         <size>0xa0</size>
         <input_file_ref idref="fl-f0"/>
      </object_component>
      <object_component id="oc-1d8">
         <name>.text:sl_Recv</name>
         <load_address>0x2000b9c0</load_address>
         <run_address>0x2000b9c0</run_address>
         <size>0xa0</size>
         <input_file_ref idref="fl-fa"/>
      </object_component>
      <object_component id="oc-3a">
         <name>.text</name>
         <load_address>0x2000ba60</load_address>
         <run_address>0x2000ba60</run_address>
         <size>0x9c</size>
         <input_file_ref idref="fl-c9"/>
      </object_component>
      <object_component id="oc-94d">
         <name>.text:_SlDrvDeviceEventHandler</name>
         <load_address>0x2000bafc</load_address>
         <run_address>0x2000bafc</run_address>
         <size>0x9a</size>
         <input_file_ref idref="fl-f5"/>
      </object_component>
      <object_component id="oc-155">
         <name>.text:sl_DevSet</name>
         <load_address>0x2000bb98</load_address>
         <run_address>0x2000bb98</run_address>
         <size>0x98</size>
         <input_file_ref idref="fl-f5"/>
      </object_component>
      <object_component id="oc-10b">
         <name>.text:sl_NetCfgSet</name>
         <load_address>0x2000bc30</load_address>
         <run_address>0x2000bc30</run_address>
         <size>0x98</size>
         <input_file_ref idref="fl-f8"/>
      </object_component>
      <object_component id="oc-17c">
         <name>.text:sl_SetSockOpt</name>
         <load_address>0x2000bcc8</load_address>
         <run_address>0x2000bcc8</run_address>
         <size>0x98</size>
         <input_file_ref idref="fl-fa"/>
      </object_component>
      <object_component id="oc-111">
         <name>.text:sl_WlanSet</name>
         <load_address>0x2000bd60</load_address>
         <run_address>0x2000bd60</run_address>
         <size>0x98</size>
         <input_file_ref idref="fl-fb"/>
      </object_component>
      <object_component id="oc-793">
         <name>.text:spi_Write</name>
         <load_address>0x2000bdf8</load_address>
         <run_address>0x2000bdf8</run_address>
         <size>0x98</size>
         <input_file_ref idref="fl-fc"/>
      </object_component>
      <object_component id="oc-7bf">
         <name>.text</name>
         <load_address>0x2000be90</load_address>
         <run_address>0x2000be90</run_address>
         <size>0x96</size>
         <input_file_ref idref="fl-d5"/>
      </object_component>
      <object_component id="oc-1ad">
         <name>.text:PRCMPeripheralClockGet</name>
         <load_address>0x2000bf28</load_address>
         <run_address>0x2000bf28</run_address>
         <size>0x94</size>
         <input_file_ref idref="fl-ef"/>
      </object_component>
      <object_component id="oc-961">
         <name>.text:_sl_HandleAsync_DnsGetHostByName</name>
         <load_address>0x2000bfbc</load_address>
         <run_address>0x2000bfbc</run_address>
         <size>0x90</size>
         <input_file_ref idref="fl-f7"/>
      </object_component>
      <object_component id="oc-8f0">
         <name>.text:_sl_HandleAsync_PingResponse</name>
         <load_address>0x2000c04c</load_address>
         <run_address>0x2000c04c</run_address>
         <size>0x90</size>
         <input_file_ref idref="fl-f7"/>
      </object_component>
      <object_component id="oc-f9">
         <name>.text:sl_WlanPolicySet</name>
         <load_address>0x2000c0dc</load_address>
         <run_address>0x2000c0dc</run_address>
         <size>0x90</size>
         <input_file_ref idref="fl-fb"/>
      </object_component>
      <object_component id="oc-8f7">
         <name>.text:SetupDMAReceive</name>
         <load_address>0x2000c16c</load_address>
         <run_address>0x2000c16c</run_address>
         <size>0x8c</size>
         <input_file_ref idref="fl-fc"/>
      </object_component>
      <object_component id="oc-87a">
         <name>.text:SetupDMASend</name>
         <load_address>0x2000c1f8</load_address>
         <run_address>0x2000c1f8</run_address>
         <size>0x8c</size>
         <input_file_ref idref="fl-fc"/>
      </object_component>
      <object_component id="oc-738">
         <name>.text:_SlDrvIsTimeoutExpired</name>
         <load_address>0x2000c284</load_address>
         <run_address>0x2000c284</run_address>
         <size>0x8c</size>
         <input_file_ref idref="fl-f6"/>
      </object_component>
      <object_component id="oc-9ba">
         <name>.text:_sl_HandleAsync_InitComplete</name>
         <load_address>0x2000c310</load_address>
         <run_address>0x2000c310</run_address>
         <size>0x8c</size>
         <input_file_ref idref="fl-f5"/>
      </object_component>
      <object_component id="oc-176">
         <name>.text:sl_Socket</name>
         <load_address>0x2000c39c</load_address>
         <run_address>0x2000c39c</run_address>
         <size>0x8c</size>
         <input_file_ref idref="fl-fa"/>
      </object_component>
      <object_component id="oc-66f">
         <name>.text:PinConfigSet</name>
         <load_address>0x2000c428</load_address>
         <run_address>0x2000c428</run_address>
         <size>0x88</size>
         <input_file_ref idref="fl-ee"/>
      </object_component>
      <object_component id="oc-6a8">
         <name>.text:__aeabi_cdcmple</name>
         <load_address>0x2000c4b0</load_address>
         <run_address>0x2000c4b0</run_address>
         <size>0x86</size>
         <input_file_ref idref="fl-d7"/>
      </object_component>
      <object_component id="oc-7d0">
         <name>.text:__aeabi_cdrcmple</name>
         <load_address>0x2000c536</load_address>
         <run_address>0x2000c536</run_address>
         <size>0x86</size>
         <input_file_ref idref="fl-d7"/>
      </object_component>
      <object_component id="oc-47e">
         <name>.text:I2CMasterInitExpClk</name>
         <load_address>0x2000c5bc</load_address>
         <run_address>0x2000c5bc</run_address>
         <size>0x84</size>
         <input_file_ref idref="fl-ec"/>
      </object_component>
      <object_component id="oc-123">
         <name>.text:sl_WlanRxFilterSet</name>
         <load_address>0x2000c640</load_address>
         <run_address>0x2000c640</run_address>
         <size>0x84</size>
         <input_file_ref idref="fl-fb"/>
      </object_component>
      <object_component id="oc-3ac">
         <name>.text:GPIOIntTypeSet</name>
         <load_address>0x2000c6c4</load_address>
         <run_address>0x2000c6c4</run_address>
         <size>0x82</size>
         <input_file_ref idref="fl-eb"/>
      </object_component>
      <object_component id="oc-989">
         <name>.text:_sl_HandleAsync_Connect</name>
         <load_address>0x2000c748</load_address>
         <run_address>0x2000c748</run_address>
         <size>0x80</size>
         <input_file_ref idref="fl-fa"/>
      </object_component>
      <object_component id="oc-8fd">
         <name>.text:spi_Read_CPU</name>
         <load_address>0x2000c7c8</load_address>
         <run_address>0x2000c7c8</run_address>
         <size>0x80</size>
         <input_file_ref idref="fl-fc"/>
      </object_component>
      <object_component id="oc-886">
         <name>.text:spi_Write_CPU</name>
         <load_address>0x2000c848</load_address>
         <run_address>0x2000c848</run_address>
         <size>0x80</size>
         <input_file_ref idref="fl-fc"/>
      </object_component>
      <object_component id="oc-52b">
         <name>.text:split</name>
         <load_address>0x2000c8c8</load_address>
         <run_address>0x2000c8c8</run_address>
         <size>0x7c</size>
         <input_file_ref idref="fl-ce"/>
      </object_component>
      <object_component id="oc-88">
         <name>.text</name>
         <load_address>0x2000c944</load_address>
         <run_address>0x2000c944</run_address>
         <size>0x7a</size>
         <input_file_ref idref="fl-c8"/>
      </object_component>
      <object_component id="oc-32a">
         <name>.text:spi_Close</name>
         <load_address>0x2000c9c0</load_address>
         <run_address>0x2000c9c0</run_address>
         <size>0x78</size>
         <input_file_ref idref="fl-fc"/>
      </object_component>
      <object_component id="oc-259">
         <name>.text:UARTConfigSetExpClk</name>
         <load_address>0x2000ca38</load_address>
         <run_address>0x2000ca38</run_address>
         <size>0x76</size>
         <input_file_ref idref="fl-f1"/>
      </object_component>
      <object_component id="oc-e1">
         <name>.text:_SlNonOsMainLoopTask</name>
         <load_address>0x2000cab0</load_address>
         <run_address>0x2000cab0</run_address>
         <size>0x74</size>
         <input_file_ref idref="fl-f9"/>
      </object_component>
      <object_component id="oc-7f0">
         <name>.text:_mcpy</name>
         <load_address>0x2000cb24</load_address>
         <run_address>0x2000cb24</run_address>
         <size>0x6e</size>
         <input_file_ref idref="fl-d2"/>
      </object_component>
      <object_component id="oc-9d2">
         <name>.text:_SlDrvCmdSend</name>
         <load_address>0x2000cb94</load_address>
         <run_address>0x2000cb94</run_address>
         <size>0x6c</size>
         <input_file_ref idref="fl-f6"/>
      </object_component>
      <object_component id="oc-973">
         <name>.text:_sl_NetAppSendTokenValue</name>
         <load_address>0x2000cc00</load_address>
         <run_address>0x2000cc00</run_address>
         <size>0x6c</size>
         <input_file_ref idref="fl-f7"/>
      </object_component>
      <object_component id="oc-12">
         <name>.text:decompress:lzss:__TI_decompress_lzss</name>
         <load_address>0x2000cc6c</load_address>
         <run_address>0x2000cc6c</run_address>
         <size>0x68</size>
         <input_file_ref idref="fl-cc"/>
      </object_component>
      <object_component id="oc-5d8">
         <name>.text:_SlNonOsSpawn</name>
         <load_address>0x2000ccd4</load_address>
         <run_address>0x2000ccd4</run_address>
         <size>0x64</size>
         <input_file_ref idref="fl-f9"/>
      </object_component>
      <object_component id="oc-983">
         <name>.text:_sl_HandleAsync_Accept</name>
         <load_address>0x2000cd38</load_address>
         <run_address>0x2000cd38</run_address>
         <size>0x64</size>
         <input_file_ref idref="fl-fa"/>
      </object_component>
      <object_component id="oc-117">
         <name>.text:sl_NetAppMDNSUnRegisterService</name>
         <load_address>0x2000cd9c</load_address>
         <run_address>0x2000cd9c</run_address>
         <size>0x64</size>
         <input_file_ref idref="fl-f7"/>
      </object_component>
      <object_component id="oc-74c">
         <name>.text:uDMAChannelAttributeDisable</name>
         <load_address>0x2000ce00</load_address>
         <run_address>0x2000ce00</run_address>
         <size>0x64</size>
         <input_file_ref idref="fl-fe"/>
      </object_component>
      <object_component id="oc-9a3">
         <name>.text:uDMAChannelAttributeEnable</name>
         <load_address>0x2000ce64</load_address>
         <run_address>0x2000ce64</run_address>
         <size>0x64</size>
         <input_file_ref idref="fl-fe"/>
      </object_component>
      <object_component id="oc-1d2">
         <name>.text:sl_Close</name>
         <load_address>0x2000cec8</load_address>
         <run_address>0x2000cec8</run_address>
         <size>0x60</size>
         <input_file_ref idref="fl-fa"/>
      </object_component>
      <object_component id="oc-ff">
         <name>.text:sl_WlanProfileDel</name>
         <load_address>0x2000cf28</load_address>
         <run_address>0x2000cf28</run_address>
         <size>0x60</size>
         <input_file_ref idref="fl-fb"/>
      </object_component>
      <object_component id="oc-e7">
         <name>.text:sl_WlanSetMode</name>
         <load_address>0x2000cf88</load_address>
         <run_address>0x2000cf88</run_address>
         <size>0x60</size>
         <input_file_ref idref="fl-fb"/>
      </object_component>
      <object_component id="oc-805">
         <name>.text:frexp</name>
         <load_address>0x2000cfe8</load_address>
         <run_address>0x2000cfe8</run_address>
         <size>0x5c</size>
         <input_file_ref idref="fl-d3"/>
      </object_component>
      <object_component id="oc-5a4">
         <name>.text:IntPendClear</name>
         <load_address>0x2000d044</load_address>
         <run_address>0x2000d044</run_address>
         <size>0x58</size>
         <input_file_ref idref="fl-ed"/>
      </object_component>
      <object_component id="oc-1a1">
         <name>.text:PRCMPeripheralReset</name>
         <load_address>0x2000d09c</load_address>
         <run_address>0x2000d09c</run_address>
         <size>0x58</size>
         <input_file_ref idref="fl-ef"/>
      </object_component>
      <object_component id="oc-6b3">
         <name>.text:_pconv_f</name>
         <load_address>0x2000d0f4</load_address>
         <run_address>0x2000d0f4</run_address>
         <size>0x56</size>
         <input_file_ref idref="fl-d2"/>
      </object_component>
      <object_component id="oc-3b2">
         <name>.text:IntPrioritySet</name>
         <load_address>0x2000d14c</load_address>
         <run_address>0x2000d14c</run_address>
         <size>0x54</size>
         <input_file_ref idref="fl-ed"/>
      </object_component>
      <object_component id="oc-2fd">
         <name>.text:_SlDrvRxIrqHandler</name>
         <load_address>0x2000d1a0</load_address>
         <run_address>0x2000d1a0</run_address>
         <size>0x54</size>
         <input_file_ref idref="fl-f6"/>
      </object_component>
      <object_component id="oc-98f">
         <name>.text:_sl_HandleAsync_Select</name>
         <load_address>0x2000d1f4</load_address>
         <run_address>0x2000d1f4</run_address>
         <size>0x54</size>
         <input_file_ref idref="fl-fa"/>
      </object_component>
      <object_component id="oc-7da">
         <name>.text:ltoa</name>
         <load_address>0x2000d248</load_address>
         <run_address>0x2000d248</run_address>
         <size>0x54</size>
         <input_file_ref idref="fl-e4"/>
      </object_component>
      <object_component id="oc-7ea">
         <name>.text:_ecpy</name>
         <load_address>0x2000d29c</load_address>
         <run_address>0x2000d29c</run_address>
         <size>0x52</size>
         <input_file_ref idref="fl-d2"/>
      </object_component>
      <object_component id="oc-995">
         <name>.text:_sl_HandleAsync_Stop</name>
         <load_address>0x2000d2f0</load_address>
         <run_address>0x2000d2f0</run_address>
         <size>0x50</size>
         <input_file_ref idref="fl-f5"/>
      </object_component>
      <object_component id="oc-577">
         <name>.text:SPIIntEnable</name>
         <load_address>0x2000d340</load_address>
         <run_address>0x2000d340</run_address>
         <size>0x4c</size>
         <input_file_ref idref="fl-f0"/>
      </object_component>
      <object_component id="oc-79e">
         <name>.text:SPIIntNumberGet</name>
         <load_address>0x2000d38c</load_address>
         <run_address>0x2000d38c</run_address>
         <size>0x4c</size>
         <input_file_ref idref="fl-f0"/>
      </object_component>
      <object_component id="oc-2cd">
         <name>.text:_SlDrvProtectAsyncRespSetting</name>
         <load_address>0x2000d3d8</load_address>
         <run_address>0x2000d3d8</run_address>
         <size>0x4c</size>
         <input_file_ref idref="fl-f6"/>
      </object_component>
      <object_component id="oc-415">
         <name>.text:_sl_BuildAddress</name>
         <load_address>0x2000d424</load_address>
         <run_address>0x2000d424</run_address>
         <size>0x4c</size>
         <input_file_ref idref="fl-fa"/>
      </object_component>
      <object_component id="oc-69c">
         <name>.text:atoi</name>
         <load_address>0x2000d470</load_address>
         <run_address>0x2000d470</run_address>
         <size>0x4c</size>
         <input_file_ref idref="fl-e2"/>
      </object_component>
      <object_component id="oc-746">
         <name>.text:uDMAChannelAssign</name>
         <load_address>0x2000d4bc</load_address>
         <run_address>0x2000d4bc</run_address>
         <size>0x4c</size>
         <input_file_ref idref="fl-fe"/>
      </object_component>
      <object_component id="oc-647">
         <name>.text:GPIOGetIntNumber</name>
         <load_address>0x2000d508</load_address>
         <run_address>0x2000d508</run_address>
         <size>0x48</size>
         <input_file_ref idref="fl-eb"/>
      </object_component>
      <object_component id="oc-766">
         <name>.text:SPIIntClear</name>
         <load_address>0x2000d550</load_address>
         <run_address>0x2000d550</run_address>
         <size>0x48</size>
         <input_file_ref idref="fl-f0"/>
      </object_component>
      <object_component id="oc-356">
         <name>.text:_SlDrvBasicCmd</name>
         <load_address>0x2000d598</load_address>
         <run_address>0x2000d598</run_address>
         <size>0x48</size>
         <input_file_ref idref="fl-f6"/>
      </object_component>
      <object_component id="oc-7d5">
         <name>.text</name>
         <load_address>0x2000d5e0</load_address>
         <run_address>0x2000d5e0</run_address>
         <size>0x48</size>
         <input_file_ref idref="fl-da"/>
      </object_component>
      <object_component id="oc-756">
         <name>.text:SPIDmaMaskGet</name>
         <load_address>0x2000d628</load_address>
         <run_address>0x2000d628</run_address>
         <size>0x44</size>
         <input_file_ref idref="fl-f0"/>
      </object_component>
      <object_component id="oc-92f">
         <name>.text:TimerConfigure</name>
         <load_address>0x2000d66c</load_address>
         <run_address>0x2000d66c</run_address>
         <size>0x44</size>
         <input_file_ref idref="fl-fd"/>
      </object_component>
      <object_component id="oc-9cb">
         <name>.text:_SlDrvHandleHttpServerEvents</name>
         <load_address>0x2000d6b0</load_address>
         <run_address>0x2000d6b0</run_address>
         <size>0x44</size>
         <input_file_ref idref="fl-f6"/>
      </object_component>
      <object_component id="oc-2e5">
         <name>.text:_SlDrvSyncObjWaitTimeout</name>
         <load_address>0x2000d6f4</load_address>
         <run_address>0x2000d6f4</run_address>
         <size>0x44</size>
         <input_file_ref idref="fl-f6"/>
      </object_component>
      <object_component id="oc-1ff">
         <name>.text:__TI_auto_init_nobinit_nopinit:__TI_auto_init_nobinit_nopinit</name>
         <load_address>0x2000d738</load_address>
         <run_address>0x2000d738</run_address>
         <size>0x44</size>
         <input_file_ref idref="fl-dc"/>
      </object_component>
      <object_component id="oc-90a">
         <name>.text:cc_SetupTransfer</name>
         <load_address>0x2000d77c</load_address>
         <run_address>0x2000d77c</run_address>
         <size>0x44</size>
         <input_file_ref idref="fl-fc"/>
      </object_component>
      <object_component id="oc-170">
         <name>.text:sl_Htonl</name>
         <load_address>0x2000d7c0</load_address>
         <run_address>0x2000d7c0</run_address>
         <size>0x42</size>
         <input_file_ref idref="fl-fa"/>
      </object_component>
      <object_component id="oc-669">
         <name>.text:PinModeSet</name>
         <load_address>0x2000d804</load_address>
         <run_address>0x2000d804</run_address>
         <size>0x40</size>
         <input_file_ref idref="fl-ee"/>
      </object_component>
      <object_component id="oc-959">
         <name>.text:_SlDrvHandleNetAppEvents</name>
         <load_address>0x2000d844</load_address>
         <run_address>0x2000d844</run_address>
         <size>0x40</size>
         <input_file_ref idref="fl-f6"/>
      </object_component>
      <object_component id="oc-953">
         <name>.text:_SlDrvHandleWlanEvents</name>
         <load_address>0x2000d884</load_address>
         <run_address>0x2000d884</run_address>
         <size>0x40</size>
         <input_file_ref idref="fl-f6"/>
      </object_component>
      <object_component id="oc-4a8">
         <name>.text:_sl_TruncatePayloadByProtocol</name>
         <load_address>0x2000d8c4</load_address>
         <run_address>0x2000d8c4</run_address>
         <size>0x40</size>
         <input_file_ref idref="fl-fa"/>
      </object_component>
      <object_component id="oc-1c6">
         <name>.text:sprintf</name>
         <load_address>0x2000d904</load_address>
         <run_address>0x2000d904</run_address>
         <size>0x40</size>
         <input_file_ref idref="fl-c6"/>
      </object_component>
      <object_component id="oc-265">
         <name>.text:vsnprintf</name>
         <load_address>0x2000d944</load_address>
         <run_address>0x2000d944</run_address>
         <size>0x40</size>
         <input_file_ref idref="fl-c7"/>
      </object_component>
      <object_component id="oc-2d9">
         <name>.text:NwpRegisterInterruptHandler</name>
         <load_address>0x2000d984</load_address>
         <run_address>0x2000d984</run_address>
         <size>0x3e</size>
         <input_file_ref idref="fl-fc"/>
      </object_component>
      <object_component id="oc-7fd">
         <name>.text:_fcpy</name>
         <load_address>0x2000d9c2</load_address>
         <run_address>0x2000d9c2</run_address>
         <size>0x3e</size>
         <input_file_ref idref="fl-d2"/>
      </object_component>
      <object_component id="oc-97a">
         <name>.text:CopyPingResultsToReport</name>
         <load_address>0x2000da00</load_address>
         <run_address>0x2000da00</run_address>
         <size>0x3c</size>
         <input_file_ref idref="fl-f7"/>
      </object_component>
      <object_component id="oc-18f">
         <name>.text:PRCMPeripheralClkEnable</name>
         <load_address>0x2000da3c</load_address>
         <run_address>0x2000da3c</run_address>
         <size>0x3c</size>
         <input_file_ref idref="fl-ef"/>
      </object_component>
      <object_component id="oc-8d1">
         <name>.text:simplelink_timerA2_start</name>
         <load_address>0x2000da78</load_address>
         <run_address>0x2000da78</run_address>
         <size>0x3c</size>
         <input_file_ref idref="fl-fc"/>
      </object_component>
      <object_component id="oc-16a">
         <name>.text:sl_Htons</name>
         <load_address>0x2000dab4</load_address>
         <run_address>0x2000dab4</run_address>
         <size>0x3c</size>
         <input_file_ref idref="fl-fa"/>
      </object_component>
      <object_component id="oc-99d">
         <name>.text:uDMAChannelControlSet</name>
         <load_address>0x2000daf0</load_address>
         <run_address>0x2000daf0</run_address>
         <size>0x3c</size>
         <input_file_ref idref="fl-fe"/>
      </object_component>
      <object_component id="oc-2d3">
         <name>.text:NwpPowerOff</name>
         <load_address>0x2000db2c</load_address>
         <run_address>0x2000db2c</run_address>
         <size>0x38</size>
         <input_file_ref idref="fl-fc"/>
      </object_component>
      <object_component id="oc-105">
         <name>.text:sl_WlanDisconnect</name>
         <load_address>0x2000db64</load_address>
         <run_address>0x2000db64</run_address>
         <size>0x38</size>
         <input_file_ref idref="fl-fb"/>
      </object_component>
      <object_component id="oc-42b">
         <name>.text:GPIODirModeSet</name>
         <load_address>0x2000db9c</load_address>
         <run_address>0x2000db9c</run_address>
         <size>0x36</size>
         <input_file_ref idref="fl-eb"/>
      </object_component>
      <object_component id="oc-559">
         <name>.text:PRCMPeripheralStatusGet</name>
         <load_address>0x2000dbd4</load_address>
         <run_address>0x2000dbd4</run_address>
         <size>0x34</size>
         <input_file_ref idref="fl-ef"/>
      </object_component>
      <object_component id="oc-56b">
         <name>.text:SPIFIFOLevelSet</name>
         <load_address>0x2000dc08</load_address>
         <run_address>0x2000dc08</run_address>
         <size>0x34</size>
         <input_file_ref idref="fl-f0"/>
      </object_component>
      <object_component id="oc-425">
         <name>.text:PinTypeGPIO</name>
         <load_address>0x2000dc3c</load_address>
         <run_address>0x2000dc3c</run_address>
         <size>0x30</size>
         <input_file_ref idref="fl-ee"/>
      </object_component>
      <object_component id="oc-4f4">
         <name>.text:UARTDisable</name>
         <load_address>0x2000dc6c</load_address>
         <run_address>0x2000dc6c</run_address>
         <size>0x30</size>
         <input_file_ref idref="fl-f1"/>
      </object_component>
      <object_component id="oc-502">
         <name>.text:_outs</name>
         <load_address>0x2000dc9c</load_address>
         <run_address>0x2000dc9c</run_address>
         <size>0x30</size>
         <input_file_ref idref="fl-c7"/>
      </object_component>
      <object_component id="oc-7e0">
         <name>.text</name>
         <load_address>0x2000dccc</load_address>
         <run_address>0x2000dccc</run_address>
         <size>0x2e</size>
         <input_file_ref idref="fl-db"/>
      </object_component>
      <object_component id="oc-45a">
         <name>.text:I2CMasterErr</name>
         <load_address>0x2000dcfa</load_address>
         <run_address>0x2000dcfa</run_address>
         <size>0x2c</size>
         <input_file_ref idref="fl-ec"/>
      </object_component>
      <object_component id="oc-2df">
         <name>.text:NwpPowerOn</name>
         <load_address>0x2000dd28</load_address>
         <run_address>0x2000dd28</run_address>
         <size>0x2c</size>
         <input_file_ref idref="fl-fc"/>
      </object_component>
      <object_component id="oc-387">
         <name>.text:PRCMSysResetCauseGet</name>
         <load_address>0x2000dd54</load_address>
         <run_address>0x2000dd54</run_address>
         <size>0x2c</size>
         <input_file_ref idref="fl-ef"/>
      </object_component>
      <object_component id="oc-5eb">
         <name>.text:_SlDrvObjGlobalLockWaitForever</name>
         <load_address>0x2000dd80</load_address>
         <run_address>0x2000dd80</run_address>
         <size>0x2c</size>
         <input_file_ref idref="fl-f6"/>
      </object_component>
      <object_component id="oc-3ea">
         <name>.text:_SlDrvProtectionObjLockWaitForever</name>
         <load_address>0x2000ddac</load_address>
         <run_address>0x2000ddac</run_address>
         <size>0x2c</size>
         <input_file_ref idref="fl-f6"/>
      </object_component>
      <object_component id="oc-93b">
         <name>.text:TimerLoadSet</name>
         <load_address>0x2000ddd8</load_address>
         <run_address>0x2000ddd8</run_address>
         <size>0x2a</size>
         <input_file_ref idref="fl-fd"/>
      </object_component>
      <object_component id="oc-935">
         <name>.text:TimerPrescaleSet</name>
         <load_address>0x2000de02</load_address>
         <run_address>0x2000de02</run_address>
         <size>0x2a</size>
         <input_file_ref idref="fl-fd"/>
      </object_component>
      <object_component id="oc-399">
         <name>.text:PRCMPeripheralClkDisable</name>
         <load_address>0x2000de2c</load_address>
         <run_address>0x2000de2c</run_address>
         <size>0x28</size>
         <input_file_ref idref="fl-ef"/>
      </object_component>
      <object_component id="oc-5f1">
         <name>.text:_SlDrvGlobalObjUnLock</name>
         <load_address>0x2000de54</load_address>
         <run_address>0x2000de54</run_address>
         <size>0x28</size>
         <input_file_ref idref="fl-f6"/>
      </object_component>
      <object_component id="oc-3f0">
         <name>.text:_SlDrvProtectionObjUnLock</name>
         <load_address>0x2000de7c</load_address>
         <run_address>0x2000de7c</run_address>
         <size>0x28</size>
         <input_file_ref idref="fl-f6"/>
      </object_component>
      <object_component id="oc-3f6">
         <name>.text:_SlDrvSyncObjWaitForever</name>
         <load_address>0x2000dea4</load_address>
         <run_address>0x2000dea4</run_address>
         <size>0x28</size>
         <input_file_ref idref="fl-f6"/>
      </object_component>
      <object_component id="oc-532">
         <name>.text:free_list_insert</name>
         <load_address>0x2000decc</load_address>
         <run_address>0x2000decc</run_address>
         <size>0x28</size>
         <input_file_ref idref="fl-ce"/>
      </object_component>
      <object_component id="oc-6eb">
         <name>.text:_SlDrvObjLockWaitForever</name>
         <load_address>0x2000def4</load_address>
         <run_address>0x2000def4</run_address>
         <size>0x26</size>
         <input_file_ref idref="fl-f6"/>
      </object_component>
      <object_component id="oc-9e7">
         <name>.text</name>
         <load_address>0x2000df1a</load_address>
         <run_address>0x2000df1a</run_address>
         <size>0x26</size>
         <input_file_ref idref="fl-7"/>
      </object_component>
      <object_component id="oc-583">
         <name>.text:DmaSpiSwIntHandler</name>
         <load_address>0x2000df40</load_address>
         <run_address>0x2000df40</run_address>
         <size>0x24</size>
         <input_file_ref idref="fl-fc"/>
      </object_component>
      <object_component id="oc-59e">
         <name>.text:IntUnregister</name>
         <load_address>0x2000df64</load_address>
         <run_address>0x2000df64</run_address>
         <size>0x24</size>
         <input_file_ref idref="fl-ed"/>
      </object_component>
      <object_component id="oc-4fa">
         <name>.text:UARTEnable</name>
         <load_address>0x2000df88</load_address>
         <run_address>0x2000df88</run_address>
         <size>0x24</size>
         <input_file_ref idref="fl-f1"/>
      </object_component>
      <object_component id="oc-58">
         <name>.text:_c_int00_noargs:_c_int00_noargs</name>
         <load_address>0x2000dfac</load_address>
         <run_address>0x2000dfac</run_address>
         <size>0x24</size>
         <input_file_ref idref="fl-d1"/>
      </object_component>
      <object_component id="oc-277">
         <name>.text:memmove</name>
         <load_address>0x2000dfd0</load_address>
         <run_address>0x2000dfd0</run_address>
         <size>0x24</size>
         <input_file_ref idref="fl-cd"/>
      </object_component>
      <object_component id="oc-460">
         <name>.text:I2CMasterSlaveAddrSet</name>
         <load_address>0x2000dff4</load_address>
         <run_address>0x2000dff4</run_address>
         <size>0x22</size>
         <input_file_ref idref="fl-ec"/>
      </object_component>
      <object_component id="oc-19b">
         <name>.text:SPIReset</name>
         <load_address>0x2000e016</load_address>
         <run_address>0x2000e016</run_address>
         <size>0x22</size>
         <input_file_ref idref="fl-f0"/>
      </object_component>
      <object_component id="oc-880">
         <name>.text:SPIWordCountSet</name>
         <load_address>0x2000e038</load_address>
         <run_address>0x2000e038</run_address>
         <size>0x22</size>
         <input_file_ref idref="fl-f0"/>
      </object_component>
      <object_component id="oc-231">
         <name>.text:GPIOPinWrite</name>
         <load_address>0x2000e05a</load_address>
         <run_address>0x2000e05a</run_address>
         <size>0x20</size>
         <input_file_ref idref="fl-eb"/>
      </object_component>
      <object_component id="oc-571">
         <name>.text:IntRegister</name>
         <load_address>0x2000e07c</load_address>
         <run_address>0x2000e07c</run_address>
         <size>0x20</size>
         <input_file_ref idref="fl-ed"/>
      </object_component>
      <object_component id="oc-324">
         <name>.text:NwpPrePowerOffTimout0</name>
         <load_address>0x2000e09c</load_address>
         <run_address>0x2000e09c</run_address>
         <size>0x20</size>
         <input_file_ref idref="fl-fc"/>
      </object_component>
      <object_component id="oc-243">
         <name>.text:SPIDataGet</name>
         <load_address>0x2000e0bc</load_address>
         <run_address>0x2000e0bc</run_address>
         <size>0x20</size>
         <input_file_ref idref="fl-f0"/>
      </object_component>
      <object_component id="oc-847">
         <name>.text:TimerGetCurrentTimestamp</name>
         <load_address>0x2000e0dc</load_address>
         <run_address>0x2000e0dc</run_address>
         <size>0x20</size>
         <input_file_ref idref="fl-fc"/>
      </object_component>
      <object_component id="oc-6f1">
         <name>.text:_SlDrvObjUnLock</name>
         <load_address>0x2000e0fc</load_address>
         <run_address>0x2000e0fc</run_address>
         <size>0x20</size>
         <input_file_ref idref="fl-f6"/>
      </object_component>
      <object_component id="oc-5bf">
         <name>.text:_SlDrvSyncObjSignal</name>
         <load_address>0x2000e11c</load_address>
         <run_address>0x2000e11c</run_address>
         <size>0x20</size>
         <input_file_ref idref="fl-f6"/>
      </object_component>
      <object_component id="oc-3b8">
         <name>.text:GPIOIntRegister</name>
         <load_address>0x2000e13c</load_address>
         <run_address>0x2000e13c</run_address>
         <size>0x1e</size>
         <input_file_ref idref="fl-eb"/>
      </object_component>
      <object_component id="oc-442">
         <name>.text:I2CMasterIntStatusEx</name>
         <load_address>0x2000e15a</load_address>
         <run_address>0x2000e15a</run_address>
         <size>0x1e</size>
         <input_file_ref idref="fl-ec"/>
      </object_component>
      <object_component id="oc-23d">
         <name>.text:SPIDataPut</name>
         <load_address>0x2000e178</load_address>
         <run_address>0x2000e178</run_address>
         <size>0x1e</size>
         <input_file_ref idref="fl-f0"/>
      </object_component>
      <object_component id="oc-941">
         <name>.text:TimerEnable</name>
         <load_address>0x2000e196</load_address>
         <run_address>0x2000e196</run_address>
         <size>0x1e</size>
         <input_file_ref idref="fl-fd"/>
      </object_component>
      <object_component id="oc-25f">
         <name>.text:UARTCharPut</name>
         <load_address>0x2000e1b4</load_address>
         <run_address>0x2000e1b4</run_address>
         <size>0x1e</size>
         <input_file_ref idref="fl-f1"/>
      </object_component>
      <object_component id="oc-55f">
         <name>.text:cc_UDMAChannelSelect</name>
         <load_address>0x2000e1d2</load_address>
         <run_address>0x2000e1d2</run_address>
         <size>0x1e</size>
         <input_file_ref idref="fl-fc"/>
      </object_component>
      <object_component id="oc-41f">
         <name>.text:PinTypeI2C</name>
         <load_address>0x2000e1f0</load_address>
         <run_address>0x2000e1f0</run_address>
         <size>0x1c</size>
         <input_file_ref idref="fl-ee"/>
      </object_component>
      <object_component id="oc-8d7">
         <name>.text:TimerValueGet</name>
         <load_address>0x2000e20c</load_address>
         <run_address>0x2000e20c</run_address>
         <size>0x1c</size>
         <input_file_ref idref="fl-fd"/>
      </object_component>
      <object_component id="oc-271">
         <name>.text:UARTCharGetNonBlocking</name>
         <load_address>0x2000e228</load_address>
         <run_address>0x2000e228</run_address>
         <size>0x1c</size>
         <input_file_ref idref="fl-f1"/>
      </object_component>
      <object_component id="oc-732">
         <name>.text:_SlDrvStartMeasureTimeout</name>
         <load_address>0x2000e244</load_address>
         <run_address>0x2000e244</run_address>
         <size>0x1c</size>
         <input_file_ref idref="fl-f6"/>
      </object_component>
      <object_component id="oc-46">
         <name>.text:decompress:ZI:__TI_zero_init_nomemset:__TI_zero_init_nomemset</name>
         <load_address>0x2000e260</load_address>
         <run_address>0x2000e260</run_address>
         <size>0x1c</size>
         <input_file_ref idref="fl-ca"/>
      </object_component>
      <object_component id="oc-525">
         <name>.text:free_list_remove</name>
         <load_address>0x2000e27c</load_address>
         <run_address>0x2000e27c</run_address>
         <size>0x1c</size>
         <input_file_ref idref="fl-ce"/>
      </object_component>
      <object_component id="oc-6c5">
         <name>.text:memccpy</name>
         <load_address>0x2000e298</load_address>
         <run_address>0x2000e298</run_address>
         <size>0x1c</size>
         <input_file_ref idref="fl-e5"/>
      </object_component>
      <object_component id="oc-9af">
         <name>.text:uDMAChannelEnable</name>
         <load_address>0x2000e2b4</load_address>
         <run_address>0x2000e2b4</run_address>
         <size>0x1c</size>
         <input_file_ref idref="fl-fe"/>
      </object_component>
      <object_component id="oc-3c4">
         <name>.text:GPIOIntEnable</name>
         <load_address>0x2000e2d0</load_address>
         <run_address>0x2000e2d0</run_address>
         <size>0x1a</size>
         <input_file_ref idref="fl-eb"/>
      </object_component>
      <object_component id="oc-431">
         <name>.text:PinTypeSPI</name>
         <load_address>0x2000e2ea</load_address>
         <run_address>0x2000e2ea</run_address>
         <size>0x1a</size>
         <input_file_ref idref="fl-ee"/>
      </object_component>
      <object_component id="oc-437">
         <name>.text:PinTypeUART</name>
         <load_address>0x2000e304</load_address>
         <run_address>0x2000e304</run_address>
         <size>0x1a</size>
         <input_file_ref idref="fl-ee"/>
      </object_component>
      <object_component id="oc-615">
         <name>.text:SPIDmaDisable</name>
         <load_address>0x2000e31e</load_address>
         <run_address>0x2000e31e</run_address>
         <size>0x1a</size>
         <input_file_ref idref="fl-f0"/>
      </object_component>
      <object_component id="oc-565">
         <name>.text:SPIDmaEnable</name>
         <load_address>0x2000e338</load_address>
         <run_address>0x2000e338</run_address>
         <size>0x1a</size>
         <input_file_ref idref="fl-f0"/>
      </object_component>
      <object_component id="oc-60f">
         <name>.text:SPIFIFODisable</name>
         <load_address>0x2000e352</load_address>
         <run_address>0x2000e352</run_address>
         <size>0x1a</size>
         <input_file_ref idref="fl-f0"/>
      </object_component>
      <object_component id="oc-1a7">
         <name>.text:SPIFIFOEnable</name>
         <load_address>0x2000e36c</load_address>
         <run_address>0x2000e36c</run_address>
         <size>0x1a</size>
         <input_file_ref idref="fl-f0"/>
      </object_component>
      <object_component id="oc-609">
         <name>.text:SPIIntUnregister</name>
         <load_address>0x2000e386</load_address>
         <run_address>0x2000e386</run_address>
         <size>0x1a</size>
         <input_file_ref idref="fl-f0"/>
      </object_component>
      <object_component id="oc-3d0">
         <name>.text:GPIOPinRead</name>
         <load_address>0x2000e3a0</load_address>
         <run_address>0x2000e3a0</run_address>
         <size>0x18</size>
         <input_file_ref idref="fl-eb"/>
      </object_component>
      <object_component id="oc-478">
         <name>.text:I2CMasterIntEnableEx</name>
         <load_address>0x2000e3b8</load_address>
         <run_address>0x2000e3b8</run_address>
         <size>0x18</size>
         <input_file_ref idref="fl-ec"/>
      </object_component>
      <object_component id="oc-249">
         <name>.text:SPICSDisable</name>
         <load_address>0x2000e3d0</load_address>
         <run_address>0x2000e3d0</run_address>
         <size>0x18</size>
         <input_file_ref idref="fl-f0"/>
      </object_component>
      <object_component id="oc-237">
         <name>.text:SPICSEnable</name>
         <load_address>0x2000e3e8</load_address>
         <run_address>0x2000e3e8</run_address>
         <size>0x18</size>
         <input_file_ref idref="fl-f0"/>
      </object_component>
      <object_component id="oc-553">
         <name>.text:SPIDisable</name>
         <load_address>0x2000e400</load_address>
         <run_address>0x2000e400</run_address>
         <size>0x18</size>
         <input_file_ref idref="fl-f0"/>
      </object_component>
      <object_component id="oc-1b9">
         <name>.text:SPIEnable</name>
         <load_address>0x2000e418</load_address>
         <run_address>0x2000e418</run_address>
         <size>0x18</size>
         <input_file_ref idref="fl-f0"/>
      </object_component>
      <object_component id="oc-26b">
         <name>.text:UARTCharsAvail</name>
         <load_address>0x2000e430</load_address>
         <run_address>0x2000e430</run_address>
         <size>0x18</size>
         <input_file_ref idref="fl-f1"/>
      </object_component>
      <object_component id="oc-542">
         <name>.text:_SlNonOsSemSet</name>
         <load_address>0x2000e448</load_address>
         <run_address>0x2000e448</run_address>
         <size>0x18</size>
         <input_file_ref idref="fl-f9"/>
      </object_component>
      <object_component id="oc-508">
         <name>.text:_outc</name>
         <load_address>0x2000e460</load_address>
         <run_address>0x2000e460</run_address>
         <size>0x18</size>
         <input_file_ref idref="fl-c7"/>
      </object_component>
      <object_component id="oc-49a">
         <name>.text:_outs</name>
         <load_address>0x2000e478</load_address>
         <run_address>0x2000e478</run_address>
         <size>0x18</size>
         <input_file_ref idref="fl-c6"/>
      </object_component>
      <object_component id="oc-2f1">
         <name>.text:_sl_GetStartResponseConvert</name>
         <load_address>0x2000e490</load_address>
         <run_address>0x2000e490</run_address>
         <size>0x18</size>
         <input_file_ref idref="fl-f5"/>
      </object_component>
      <object_component id="oc-466">
         <name>.text:I2CMasterDataPut</name>
         <load_address>0x2000e4a8</load_address>
         <run_address>0x2000e4a8</run_address>
         <size>0x16</size>
         <input_file_ref idref="fl-ec"/>
      </object_component>
      <object_component id="oc-472">
         <name>.text:I2CMasterEnable</name>
         <load_address>0x2000e4be</load_address>
         <run_address>0x2000e4be</run_address>
         <size>0x16</size>
         <input_file_ref idref="fl-ec"/>
      </object_component>
      <object_component id="oc-38d">
         <name>.text:PRCMHIBRegRead</name>
         <load_address>0x2000e4d4</load_address>
         <run_address>0x2000e4d4</run_address>
         <size>0x16</size>
         <input_file_ref idref="fl-ef"/>
      </object_component>
      <object_component id="oc-393">
         <name>.text:PRCMHIBRegWrite</name>
         <load_address>0x2000e4ea</load_address>
         <run_address>0x2000e4ea</run_address>
         <size>0x16</size>
         <input_file_ref idref="fl-ef"/>
      </object_component>
      <object_component id="oc-3a2">
         <name>.text:_SlDrvMemZero</name>
         <load_address>0x2000e500</load_address>
         <run_address>0x2000e500</run_address>
         <size>0x16</size>
         <input_file_ref idref="fl-f6"/>
      </object_component>
      <object_component id="oc-811">
         <name>.text:strchr</name>
         <load_address>0x2000e516</load_address>
         <run_address>0x2000e516</run_address>
         <size>0x16</size>
         <input_file_ref idref="fl-e6"/>
      </object_component>
      <object_component id="oc-37c">
         <name>.text:CPUcpsie</name>
         <load_address>0x2000e52c</load_address>
         <run_address>0x2000e52c</run_address>
         <size>0x14</size>
         <input_file_ref idref="fl-f3"/>
      </object_component>
      <object_component id="oc-3be">
         <name>.text:GPIOIntClear</name>
         <load_address>0x2000e540</load_address>
         <run_address>0x2000e540</run_address>
         <size>0x14</size>
         <input_file_ref idref="fl-eb"/>
      </object_component>
      <object_component id="oc-12a">
         <name>.text:IntVTableBaseSet</name>
         <load_address>0x2000e554</load_address>
         <run_address>0x2000e554</run_address>
         <size>0x14</size>
         <input_file_ref idref="fl-ed"/>
      </object_component>
      <object_component id="oc-1c0">
         <name>.text:strcpy</name>
         <load_address>0x2000e568</load_address>
         <run_address>0x2000e568</run_address>
         <size>0x14</size>
         <input_file_ref idref="fl-cf"/>
      </object_component>
      <object_component id="oc-142">
         <name>.text:strlen</name>
         <load_address>0x2000e57c</load_address>
         <run_address>0x2000e57c</run_address>
         <size>0x14</size>
         <input_file_ref idref="fl-d0"/>
      </object_component>
      <object_component id="oc-454">
         <name>.text:I2CMasterControl</name>
         <load_address>0x2000e590</load_address>
         <run_address>0x2000e590</run_address>
         <size>0x12</size>
         <input_file_ref idref="fl-ec"/>
      </object_component>
      <object_component id="oc-448">
         <name>.text:I2CMasterIntClearEx</name>
         <load_address>0x2000e5a2</load_address>
         <run_address>0x2000e5a2</run_address>
         <size>0x12</size>
         <input_file_ref idref="fl-ec"/>
      </object_component>
      <object_component id="oc-44e">
         <name>.text:I2CMasterTimeoutSet</name>
         <load_address>0x2000e5b4</load_address>
         <run_address>0x2000e5b4</run_address>
         <size>0x12</size>
         <input_file_ref idref="fl-ec"/>
      </object_component>
      <object_component id="oc-6cb">
         <name>.text:wcslen</name>
         <load_address>0x2000e5c6</load_address>
         <run_address>0x2000e5c6</run_address>
         <size>0x12</size>
         <input_file_ref idref="fl-e8"/>
      </object_component>
      <object_component id="oc-96d">
         <name>.text:_SlDrvDispatchHttpServerEvents</name>
         <load_address>0x2000e5d8</load_address>
         <run_address>0x2000e5d8</run_address>
         <size>0x10</size>
         <input_file_ref idref="fl-f6"/>
[...]
      <symbol id="sm-ba4">
         <name>SPIIntClear</name>
         <value>0x2000d551</value>
         <object_component_ref idref="oc-766"/>
      </symbol>
      <symbol id="sm-ba5">
         <name>SPICSDisable</name>
         <value>0x2000e3d1</value>
         <object_component_ref idref="oc-249"/>
      </symbol>
      <symbol id="sm-be1">
         <name>UARTConfigSetExpClk</name>
         <value>0x2000ca39</value>
         <object_component_ref idref="oc-259"/>
      </symbol>
      <symbol id="sm-be2">
         <name>UARTDisable</name>
         <value>0x2000dc6d</value>
         <object_component_ref idref="oc-4f4"/>
      </symbol>
      <symbol id="sm-be3">
         <name>UARTCharsAvail</name>
         <value>0x2000e431</value>
         <object_component_ref idref="oc-26b"/>
      </symbol>
      <symbol id="sm-be4">
         <name>UARTCharGetNonBlocking</name>
         <value>0x2000e229</value>
         <object_component_ref idref="oc-271"/>
      </symbol>
      <symbol id="sm-be5">
         <name>UARTCharPut</name>
         <value>0x2000e1b5</value>
         <object_component_ref idref="oc-25f"/>
      </symbol>
      <symbol id="sm-be6">
         <name>UARTEnable</name>
         <value>0x2000df89</value>
         <object_component_ref idref="oc-4fa"/>
      </symbol>
      <symbol id="sm-bea">
         <name>UtilsDelay</name>
         <value>0x2000e669</value>
         <object_component_ref idref="oc-154"/>
      </symbol>
      <symbol id="sm-bf4">
         <name>CPUcpsie</name>
         <value>0x2000e52d</value>
         <object_component_ref idref="oc-37c"/>
      </symbol>
      <symbol id="sm-cb0">
         <name>_sl_HandleAsync_InitComplete</name>
         <value>0x2000c311</value>
         <object_component_ref idref="oc-9ba"/>
      </symbol>
      <symbol id="sm-cb1">
         <name>_SlDrvDeviceEventHandler</name>
         <value>0x2000bafd</value>
         <object_component_ref idref="oc-94d"/>
      </symbol>
      <symbol id="sm-cb2">
         <name>_sl_HandleAsync_Stop</name>
         <value>0x2000d2f1</value>
         <object_component_ref idref="oc-995"/>
      </symbol>
      <symbol id="sm-cb3">
         <name>sl_DevSet</name>
         <value>0x2000bb99</value>
         <object_component_ref idref="oc-155"/>
      </symbol>
      <symbol id="sm-cb4">
         <name>sl_Stop</name>
         <value>0x2000a829</value>
         <object_component_ref idref="oc-ed"/>
      </symbol>
      <symbol id="sm-cb5">
         <name>sl_Start</name>
         <value>0x2000aaf9</value>
         <object_component_ref idref="oc-db"/>
      </symbol>
      <symbol id="sm-cb6">
         <name>sl_DevGet</name>
         <value>0x2000b2d1</value>
         <object_component_ref idref="oc-f3"/>
      </symbol>
      <symbol id="sm-fa4">
         <name>RxIrqCnt</name>
         <value>0x2001f214</value>
      </symbol>
      <symbol id="sm-fa5">
         <name>g_bDeviceRestartIsRequired</name>
         <value>0x2001f215</value>
      </symbol>
      <symbol id="sm-fa6">
         <name>_SlDrvProtectionObjUnLock</name>
         <value>0x2000de7d</value>
         <object_component_ref idref="oc-3f0"/>
      </symbol>
      <symbol id="sm-fa7">
         <name>_SlDrvBasicCmd</name>
         <value>0x2000d599</value>
         <object_component_ref idref="oc-356"/>
      </symbol>
      <symbol id="sm-fa8">
         <name>_SlDrvObjUnLock</name>
         <value>0x2000e0fd</value>
         <object_component_ref idref="oc-6f1"/>
      </symbol>
      <symbol id="sm-fa9">
         <name>_SlDrvObjLockWaitForever</name>
         <value>0x2000def5</value>
         <object_component_ref idref="oc-6eb"/>
      </symbol>
      <symbol id="sm-faa">
         <name>_SlDrvMsgReadSpawnCtx</name>
         <value>0x2000accd</value>
         <object_component_ref idref="oc-5de"/>
      </symbol>
      <symbol id="sm-fab">
         <name>_SlDrvDispatchHttpServerEvents</name>
         <value>0x2000e5d9</value>
         <object_component_ref idref="oc-96d"/>
      </symbol>
      <symbol id="sm-fac">
         <name>_SlDrvHandleNetAppEvents</name>
         <value>0x2000d845</value>
         <object_component_ref idref="oc-959"/>
      </symbol>
      <symbol id="sm-fad">
         <name>_SlDriverHandleError</name>
         <value>0x2000b87d</value>
         <object_component_ref idref="oc-5b2"/>
      </symbol>
      <symbol id="sm-fae">
         <name>_SlDrvDriverCBDeinit</name>
         <value>0x2000a2e5</value>
         <object_component_ref idref="oc-330"/>
      </symbol>
      <symbol id="sm-faf">
         <name>_SlDrvStartMeasureTimeout</name>
         <value>0x2000e245</value>
         <object_component_ref idref="oc-732"/>
      </symbol>
      <symbol id="sm-fb0">
         <name>_SlDrvResetCmdExt</name>
         <value>0x2000e5f7</value>
         <object_component_ref idref="oc-33f"/>
      </symbol>
      <symbol id="sm-fb1">
         <name>_SlDrvIsTimeoutExpired</name>
         <value>0x2000c285</value>
         <object_component_ref idref="oc-738"/>
      </symbol>
      <symbol id="sm-fb2">
         <name>_SlDrvProtectAsyncRespSetting</name>
         <value>0x2000d3d9</value>
         <object_component_ref idref="oc-2cd"/>
      </symbol>
      <symbol id="sm-fb3">
         <name>_SlDrvReleasePoolObj</name>
         <value>0x20008b75</value>
         <object_component_ref idref="oc-2eb"/>
      </symbol>
      <symbol id="sm-fb4">
         <name>_SlDrvHandleWlanEvents</name>
         <value>0x2000d885</value>
         <object_component_ref idref="oc-953"/>
      </symbol>
      <symbol id="sm-fb5">
         <name>OpcodeTranslateTable</name>
         <value>0x2000eef0</value>
         <object_component_ref idref="oc-876"/>
      </symbol>
      <symbol id="sm-fb6">
         <name>pPingCallBackFunc</name>
         <value>0x2001f29c</value>
         <object_component_ref idref="oc-2fa"/>
      </symbol>
      <symbol id="sm-fb7">
         <name>_SlDrvDriverCBInit</name>
         <value>0x200090c9</value>
         <object_component_ref idref="oc-2c1"/>
      </symbol>
      <symbol id="sm-fb8">
         <name>g_pCB</name>
         <value>0x2001f298</value>
         <object_component_ref idref="oc-2fa"/>
      </symbol>
      <symbol id="sm-fb9">
         <name>_SlDrvProtectionObjLockWaitForever</name>
         <value>0x2000ddad</value>
         <object_component_ref idref="oc-3ea"/>
      </symbol>
      <symbol id="sm-fba">
         <name>_SlDrvCmdOp</name>
         <value>0x2000b461</value>
         <object_component_ref idref="oc-314"/>
      </symbol>
      <symbol id="sm-fbb">
         <name>_SlDrvSyncObjWaitTimeout</name>
         <value>0x2000d6f5</value>
         <object_component_ref idref="oc-2e5"/>
      </symbol>
      <symbol id="sm-fbc">
         <name>_SlDrvGlobalObjUnLock</name>
         <value>0x2000de55</value>
         <object_component_ref idref="oc-5f1"/>
      </symbol>
      <symbol id="sm-fbd">
         <name>_SlDrvMemZero</name>
         <value>0x2000e501</value>
         <object_component_ref idref="oc-3a2"/>
      </symbol>
      <symbol id="sm-fbe">
         <name>_SlDrvWaitForPoolObj</name>
         <value>0x20009419</value>
         <object_component_ref idref="oc-3e4"/>
      </symbol>
      <symbol id="sm-fbf">
         <name>_SlDrvSyncObjSignal</name>
         <value>0x2000e11d</value>
         <object_component_ref idref="oc-5bf"/>
      </symbol>
      <symbol id="sm-fc0">
         <name>_SlDrvDataReadOp</name>
         <value>0x20008991</value>
         <object_component_ref idref="oc-4bc"/>
      </symbol>
      <symbol id="sm-fc1">
         <name>_SlDrvDataWriteOp</name>
         <value>0x20009a1d</value>
         <object_component_ref idref="oc-4ae"/>
      </symbol>
      <symbol id="sm-fc2">
         <name>_SlDrvRxIrqHandler</name>
         <value>0x2000d1a1</value>
         <object_component_ref idref="oc-2fd"/>
      </symbol>
      <symbol id="sm-fc3">
         <name>_SlDrvHandleHttpServerEvents</name>
         <value>0x2000d6b1</value>
         <object_component_ref idref="oc-9cb"/>
      </symbol>
      <symbol id="sm-fc4">
         <name>_SlDrvSyncObjWaitForever</name>
         <value>0x2000dea5</value>
         <object_component_ref idref="oc-3f6"/>
      </symbol>
      <symbol id="sm-fc5">
         <name>g_SlDeviceStatus</name>
         <value>0x2001f294</value>
         <object_component_ref idref="oc-2fa"/>
      </symbol>
      <symbol id="sm-fc6">
         <name>_SlDrvCmdSend</name>
         <value>0x2000cb95</value>
         <object_component_ref idref="oc-9d2"/>
      </symbol>
      <symbol id="sm-fc7">
         <name>_SlActionLookupTable</name>
         <value>0x2000ef2c</value>
         <object_component_ref idref="oc-904"/>
      </symbol>
      <symbol id="sm-106f">
         <name>sl_NetAppMDNSUnRegisterService</name>
         <value>0x2000cd9d</value>
         <object_component_ref idref="oc-117"/>
      </symbol>
      <symbol id="sm-1070">
         <name>_SlNetAppSendTokenValueCmdCtrl</name>
         <value>0x2000f176</value>
         <object_component_ref idref="oc-9d8"/>
      </symbol>
      <symbol id="sm-1071">
         <name>sl_NetAppDnsGetHostByName</name>
         <value>0x20009df9</value>
         <object_component_ref idref="oc-164"/>
      </symbol>
      <symbol id="sm-1072">
         <name>_sl_HandleAsync_DnsGetHostByName</name>
         <value>0x2000bfbd</value>
         <object_component_ref idref="oc-961"/>
      </symbol>
      <symbol id="sm-1073">
         <name>_sl_HandleAsync_PingResponse</name>
         <value>0x2000c04d</value>
         <object_component_ref idref="oc-8f0"/>
      </symbol>
      <symbol id="sm-1074">
         <name>_SlDrvNetAppEventHandler</name>
         <value>0x2000a535</value>
         <object_component_ref idref="oc-8ea"/>
      </symbol>
      <symbol id="sm-1075">
         <name>_sl_HandleAsync_DnsGetHostByService</name>
         <value>0x2000b205</value>
         <object_component_ref idref="oc-967"/>
      </symbol>
      <symbol id="sm-1076">
         <name>_sl_NetAppSendTokenValue</name>
         <value>0x2000cc01</value>
         <object_component_ref idref="oc-973"/>
      </symbol>
      <symbol id="sm-1077">
         <name>sl_NetAppMDNSRegisterUnregisterService</name>
         <value>0x2000ae9d</value>
         <object_component_ref idref="oc-36b"/>
      </symbol>
      <symbol id="sm-1099">
         <name>sl_NetCfgSet</name>
         <value>0x2000bc31</value>
         <object_component_ref idref="oc-10b"/>
      </symbol>
      <symbol id="sm-10e1">
         <name>_SlNonOsSemSet</name>
         <value>0x2000e449</value>
         <object_component_ref idref="oc-542"/>
      </symbol>
      <symbol id="sm-10e2">
         <name>_SlNonOsSpawn</name>
         <value>0x2000ccd5</value>
         <object_component_ref idref="oc-5d8"/>
      </symbol>
      <symbol id="sm-10e3">
         <name>_SlNonOsSemGet</name>
         <value>0x2000b5d5</value>
         <object_component_ref idref="oc-548"/>
      </symbol>
      <symbol id="sm-10e4">
         <name>_SlNonOsMainLoopTask</name>
         <value>0x2000cab1</value>
         <object_component_ref idref="oc-e1"/>
      </symbol>
      <symbol id="sm-10e5">
         <name>g__SlNonOsCB</name>
         <value>0x2001f21c</value>
         <object_component_ref idref="oc-30f"/>
      </symbol>
      <symbol id="sm-11e6">
         <name>sl_Recv</name>
         <value>0x2000b9c1</value>
         <object_component_ref idref="oc-1d8"/>
      </symbol>
      <symbol id="sm-11e7">
         <name>sl_Send</name>
         <value>0x2000a1b1</value>
         <object_component_ref idref="oc-1cc"/>
      </symbol>
      <symbol id="sm-11e8">
         <name>_sl_HandleAsync_Connect</name>
         <value>0x2000c749</value>
         <object_component_ref idref="oc-989"/>
      </symbol>
      <symbol id="sm-11e9">
         <name>sl_Htonl</name>
         <value>0x2000d7c1</value>
         <object_component_ref idref="oc-170"/>
      </symbol>
      <symbol id="sm-11ea">
         <name>sl_Htons</name>
         <value>0x2000dab5</value>
         <object_component_ref idref="oc-16a"/>
      </symbol>
      <symbol id="sm-11eb">
         <name>sl_Connect</name>
         <value>0x200095a9</value>
         <object_component_ref idref="oc-182"/>
      </symbol>
      <symbol id="sm-11ec">
         <name>sl_Socket</name>
         <value>0x2000c39d</value>
         <object_component_ref idref="oc-176"/>
      </symbol>
      <symbol id="sm-11ed">
         <name>_sl_HandleAsync_Select</name>
         <value>0x2000d1f5</value>
         <object_component_ref idref="oc-98f"/>
      </symbol>
      <symbol id="sm-11ee">
         <name>sl_Close</name>
         <value>0x2000cec9</value>
         <object_component_ref idref="oc-1d2"/>
      </symbol>
      <symbol id="sm-11ef">
         <name>_sl_HandleAsync_Accept</name>
         <value>0x2000cd39</value>
         <object_component_ref idref="oc-983"/>
      </symbol>
      <symbol id="sm-11f0">
         <name>sl_SetSockOpt</name>
         <value>0x2000bcc9</value>
         <object_component_ref idref="oc-17c"/>
      </symbol>
      <symbol id="sm-12aa">
         <name>sl_WlanDisconnect</name>
         <value>0x2000db65</value>
         <object_component_ref idref="oc-105"/>
      </symbol>
      <symbol id="sm-12ab">
         <name>sl_WlanPolicySet</name>
         <value>0x2000c0dd</value>
         <object_component_ref idref="oc-f9"/>
      </symbol>
      <symbol id="sm-12ac">
         <name>sl_WlanProfileDel</name>
         <value>0x2000cf29</value>
         <object_component_ref idref="oc-ff"/>
      </symbol>
      <symbol id="sm-12ad">
         <name>sl_WlanRxFilterSet</name>
         <value>0x2000c641</value>
         <object_component_ref idref="oc-123"/>
      </symbol>
      <symbol id="sm-12ae">
         <name>sl_WlanConnect</name>
         <value>0x20007fe1</value>
         <object_component_ref idref="oc-148"/>
      </symbol>
      <symbol id="sm-12af">
         <name>sl_WlanSet</name>
         <value>0x2000bd61</value>
         <object_component_ref idref="oc-111"/>
      </symbol>
      <symbol id="sm-12b0">
         <name>sl_WlanSetMode</name>
         <value>0x2000cf89</value>
         <object_component_ref idref="oc-e7"/>
      </symbol>
      <symbol id="sm-13d0">
         <name>g_ucDinDout</name>
         <value>0x2001f168</value>
      </symbol>
      <symbol id="sm-13d1">
         <name>g_cDummy</name>
         <value>0x2001f216</value>
      </symbol>
      <symbol id="sm-13d2">
         <name>NwpMaskInterrupt</name>
         <value>0x2000e621</value>
         <object_component_ref idref="oc-591"/>
      </symbol>
      <symbol id="sm-13d3">
         <name>NwpPrePowerOffTimout0</name>
         <value>0x2000e09d</value>
         <object_component_ref idref="oc-324"/>
      </symbol>
      <symbol id="sm-13d4">
         <name>NwpRegisterInterruptHandler</name>
         <value>0x2000d985</value>
         <object_component_ref idref="oc-2d9"/>
      </symbol>
      <symbol id="sm-13d5">
         <name>g_pHostIntHdl</name>
         <value>0x2001f2b4</value>
         <object_component_ref idref="oc-57d"/>
      </symbol>
      <symbol id="sm-13d6">
         <name>simplelink_timerA2_start</name>
         <value>0x2000da79</value>
         <object_component_ref idref="oc-8d1"/>
      </symbol>
      <symbol id="sm-13d7">
         <name>NwpUnMaskInterrupt</name>
         <value>0x2000e62d</value>
         <object_component_ref idref="oc-5ab"/>
      </symbol>
      <symbol id="sm-13d8">
         <name>NwpPowerOff</name>
         <value>0x2000db2d</value>
         <object_component_ref idref="oc-2d3"/>
      </symbol>
      <symbol id="sm-13d9">
         <name>TimerGetCurrentTimestamp</name>
         <value>0x2000e0dd</value>
         <object_component_ref idref="oc-847"/>
      </symbol>
      <symbol id="sm-13da">
         <name>spi_Read</name>
         <value>0x2000a919</value>
         <object_component_ref idref="oc-869"/>
      </symbol>
      <symbol id="sm-13db">
         <name>DmaSpiSwIntHandler</name>
         <value>0x2000df41</value>
         <object_component_ref idref="oc-583"/>
      </symbol>
      <symbol id="sm-13dc">
         <name>NwpPowerOn</name>
         <value>0x2000dd29</value>
         <object_component_ref idref="oc-2df"/>
      </symbol>
      <symbol id="sm-13dd">
         <name>spi_Close</name>
         <value>0x2000c9c1</value>
         <object_component_ref idref="oc-32a"/>
      </symbol>
      <symbol id="sm-13de">
         <name>spi_Write</name>
         <value>0x2000bdf9</value>
         <object_component_ref idref="oc-793"/>
      </symbol>
      <symbol id="sm-13df">
         <name>spi_Open</name>
         <value>0x20009b6d</value>
         <object_component_ref idref="oc-2c7"/>
      </symbol>
      <symbol id="sm-13e0">
         <name>g_ucDMAEnabled</name>
         <value>0x2001f2b8</value>
         <object_component_ref idref="oc-57d"/>
      </symbol>
      <symbol id="sm-13e1">
         <name>g_SpiFd</name>
         <value>0x2001f2b0</value>
         <object_component_ref idref="oc-57d"/>
      </symbol>
      <symbol id="sm-1414">
         <name>TimerLoadSet</name>
         <value>0x2000ddd9</value>
         <object_component_ref idref="oc-93b"/>
      </symbol>
      <symbol id="sm-1415">
         <name>TimerEnable</name>
         <value>0x2000e197</value>
         <object_component_ref idref="oc-941"/>
      </symbol>
      <symbol id="sm-1416">
         <name>TimerValueGet</name>
         <value>0x2000e20d</value>
         <object_component_ref idref="oc-8d7"/>
      </symbol>
      <symbol id="sm-1417">
         <name>TimerPrescaleSet</name>
         <value>0x2000de03</value>
         <object_component_ref idref="oc-935"/>
      </symbol>
      <symbol id="sm-1418">
         <name>TimerConfigure</name>
         <value>0x2000d66d</value>
         <object_component_ref idref="oc-92f"/>
      </symbol>
      <symbol id="sm-146f">
         <name>uDMAChannelControlSet</name>
         <value>0x2000daf1</value>
         <object_component_ref idref="oc-99d"/>
      </symbol>
      <symbol id="sm-1470">
         <name>uDMAChannelAttributeEnable</name>
         <value>0x2000ce65</value>
         <object_component_ref idref="oc-9a3"/>
      </symbol>
      <symbol id="sm-1471">
         <name>uDMAChannelTransferSet</name>
         <value>0x2000aa09</value>
         <object_component_ref idref="oc-9a9"/>
      </symbol>
      <symbol id="sm-1472">
         <name>uDMAChannelAssign</name>
         <value>0x2000d4bd</value>
         <object_component_ref idref="oc-746"/>
      </symbol>
      <symbol id="sm-1473">
         <name>uDMAChannelAttributeDisable</name>
         <value>0x2000ce01</value>
         <object_component_ref idref="oc-74c"/>
      </symbol>
      <symbol id="sm-1474">
         <name>uDMAChannelEnable</name>
         <value>0x2000e2b5</value>
         <object_component_ref idref="oc-9af"/>
      </symbol>
      <symbol id="sm-1475">
         <name>__TI_static_base__</name>
         <value>0x2000f1b8</value>
      </symbol>
      <symbol id="sm-1478">
         <name>__mpu_init</name>
         <value>0x0</value>
      </symbol>
      <symbol id="sm-1479">
         <name>_system_post_cinit</name>
         <value>0x0</value>
      </symbol>
   </symbol_table>
   <title>Link successful</title>
</link_info>
